Component: ARM Compiler 5.06 update 7 (build 960) Tool: armlink [4d3601]

==============================================================================

Section Cross References

    stm32f4xx_adc.o(i.ADC_DeInit) refers to stm32f4xx_rcc.o(i.RCC_APB2PeriphResetCmd) for RCC_APB2PeriphResetCmd
    stm32f4xx_can.o(i.CAN_DeInit) refers to stm32f4xx_rcc.o(i.RCC_APB1PeriphResetCmd) for RCC_APB1PeriphResetCmd
    stm32f4xx_can.o(i.CAN_GetITStatus) refers to stm32f4xx_can.o(i.CheckITStatus) for CheckITStatus
    stm32f4xx_cryp.o(i.CRYP_DeInit) refers to stm32f4xx_rcc.o(i.RCC_AHB2PeriphResetCmd) for RCC_AHB2PeriphResetCmd
    stm32f4xx_cryp_aes.o(i.CRYP_AES_CBC) refers to stm32f4xx_cryp.o(i.CRYP_KeyStructInit) for CRYP_KeyStructInit
    stm32f4xx_cryp_aes.o(i.CRYP_AES_CBC) refers to stm32f4xx_cryp.o(i.CRYP_FIFOFlush) for CRYP_FIFOFlush
    stm32f4xx_cryp_aes.o(i.CRYP_AES_CBC) refers to stm32f4xx_cryp.o(i.CRYP_Init) for CRYP_Init
    stm32f4xx_cryp_aes.o(i.CRYP_AES_CBC) refers to stm32f4xx_cryp.o(i.CRYP_KeyInit) for CRYP_KeyInit
    stm32f4xx_cryp_aes.o(i.CRYP_AES_CBC) refers to stm32f4xx_cryp.o(i.CRYP_Cmd) for CRYP_Cmd
    stm32f4xx_cryp_aes.o(i.CRYP_AES_CBC) refers to stm32f4xx_cryp.o(i.CRYP_GetFlagStatus) for CRYP_GetFlagStatus
    stm32f4xx_cryp_aes.o(i.CRYP_AES_CBC) refers to stm32f4xx_cryp.o(i.CRYP_IVInit) for CRYP_IVInit
    stm32f4xx_cryp_aes.o(i.CRYP_AES_CBC) refers to stm32f4xx_cryp.o(i.CRYP_GetCmdStatus) for CRYP_GetCmdStatus
    stm32f4xx_cryp_aes.o(i.CRYP_AES_CBC) refers to stm32f4xx_cryp.o(i.CRYP_DataIn) for CRYP_DataIn
    stm32f4xx_cryp_aes.o(i.CRYP_AES_CBC) refers to stm32f4xx_cryp.o(i.CRYP_DataOut) for CRYP_DataOut
    stm32f4xx_cryp_aes.o(i.CRYP_AES_CCM) refers to stm32f4xx_cryp.o(i.CRYP_KeyStructInit) for CRYP_KeyStructInit
    stm32f4xx_cryp_aes.o(i.CRYP_AES_CCM) refers to stm32f4xx_cryp.o(i.CRYP_FIFOFlush) for CRYP_FIFOFlush
    stm32f4xx_cryp_aes.o(i.CRYP_AES_CCM) refers to stm32f4xx_cryp.o(i.CRYP_KeyInit) for CRYP_KeyInit
    stm32f4xx_cryp_aes.o(i.CRYP_AES_CCM) refers to stm32f4xx_cryp.o(i.CRYP_IVInit) for CRYP_IVInit
    stm32f4xx_cryp_aes.o(i.CRYP_AES_CCM) refers to stm32f4xx_cryp.o(i.CRYP_Init) for CRYP_Init
    stm32f4xx_cryp_aes.o(i.CRYP_AES_CCM) refers to stm32f4xx_cryp.o(i.CRYP_PhaseConfig) for CRYP_PhaseConfig
    stm32f4xx_cryp_aes.o(i.CRYP_AES_CCM) refers to stm32f4xx_cryp.o(i.CRYP_DataIn) for CRYP_DataIn
    stm32f4xx_cryp_aes.o(i.CRYP_AES_CCM) refers to stm32f4xx_cryp.o(i.CRYP_Cmd) for CRYP_Cmd
    stm32f4xx_cryp_aes.o(i.CRYP_AES_CCM) refers to stm32f4xx_cryp.o(i.CRYP_GetCmdStatus) for CRYP_GetCmdStatus
    stm32f4xx_cryp_aes.o(i.CRYP_AES_CCM) refers to stm32f4xx_cryp.o(i.CRYP_GetFlagStatus) for CRYP_GetFlagStatus
    stm32f4xx_cryp_aes.o(i.CRYP_AES_CCM) refers to stm32f4xx_cryp.o(i.CRYP_DataOut) for CRYP_DataOut
    stm32f4xx_cryp_aes.o(i.CRYP_AES_CTR) refers to stm32f4xx_cryp.o(i.CRYP_KeyStructInit) for CRYP_KeyStructInit
    stm32f4xx_cryp_aes.o(i.CRYP_AES_CTR) refers to stm32f4xx_cryp.o(i.CRYP_KeyInit) for CRYP_KeyInit
    stm32f4xx_cryp_aes.o(i.CRYP_AES_CTR) refers to stm32f4xx_cryp.o(i.CRYP_Init) for CRYP_Init
    stm32f4xx_cryp_aes.o(i.CRYP_AES_CTR) refers to stm32f4xx_cryp.o(i.CRYP_IVInit) for CRYP_IVInit
    stm32f4xx_cryp_aes.o(i.CRYP_AES_CTR) refers to stm32f4xx_cryp.o(i.CRYP_FIFOFlush) for CRYP_FIFOFlush
    stm32f4xx_cryp_aes.o(i.CRYP_AES_CTR) refers to stm32f4xx_cryp.o(i.CRYP_Cmd) for CRYP_Cmd
    stm32f4xx_cryp_aes.o(i.CRYP_AES_CTR) refers to stm32f4xx_cryp.o(i.CRYP_GetCmdStatus) for CRYP_GetCmdStatus
    stm32f4xx_cryp_aes.o(i.CRYP_AES_CTR) refers to stm32f4xx_cryp.o(i.CRYP_DataIn) for CRYP_DataIn
    stm32f4xx_cryp_aes.o(i.CRYP_AES_CTR) refers to stm32f4xx_cryp.o(i.CRYP_GetFlagStatus) for CRYP_GetFlagStatus
    stm32f4xx_cryp_aes.o(i.CRYP_AES_CTR) refers to stm32f4xx_cryp.o(i.CRYP_DataOut) for CRYP_DataOut
    stm32f4xx_cryp_aes.o(i.CRYP_AES_ECB) refers to stm32f4xx_cryp.o(i.CRYP_KeyStructInit) for CRYP_KeyStructInit
    stm32f4xx_cryp_aes.o(i.CRYP_AES_ECB) refers to stm32f4xx_cryp.o(i.CRYP_FIFOFlush) for CRYP_FIFOFlush
    stm32f4xx_cryp_aes.o(i.CRYP_AES_ECB) refers to stm32f4xx_cryp.o(i.CRYP_Init) for CRYP_Init
    stm32f4xx_cryp_aes.o(i.CRYP_AES_ECB) refers to stm32f4xx_cryp.o(i.CRYP_KeyInit) for CRYP_KeyInit
    stm32f4xx_cryp_aes.o(i.CRYP_AES_ECB) refers to stm32f4xx_cryp.o(i.CRYP_Cmd) for CRYP_Cmd
    stm32f4xx_cryp_aes.o(i.CRYP_AES_ECB) refers to stm32f4xx_cryp.o(i.CRYP_GetFlagStatus) for CRYP_GetFlagStatus
    stm32f4xx_cryp_aes.o(i.CRYP_AES_ECB) refers to stm32f4xx_cryp.o(i.CRYP_GetCmdStatus) for CRYP_GetCmdStatus
    stm32f4xx_cryp_aes.o(i.CRYP_AES_ECB) refers to stm32f4xx_cryp.o(i.CRYP_DataIn) for CRYP_DataIn
    stm32f4xx_cryp_aes.o(i.CRYP_AES_ECB) refers to stm32f4xx_cryp.o(i.CRYP_DataOut) for CRYP_DataOut
    stm32f4xx_cryp_aes.o(i.CRYP_AES_GCM) refers to stm32f4xx_cryp.o(i.CRYP_KeyStructInit) for CRYP_KeyStructInit
    stm32f4xx_cryp_aes.o(i.CRYP_AES_GCM) refers to stm32f4xx_cryp.o(i.CRYP_FIFOFlush) for CRYP_FIFOFlush
[...]
    Removing oled.o(i.OLED_ShowBinNum), (62 bytes).
    Removing oled.o(i.OLED_ShowHexNum), (84 bytes).
    Removing oled.o(i.OLED_ShowNum), (68 bytes).
    Removing oled.o(i.OLED_ShowSignedNum), (102 bytes).
    Removing oled.o(i.debug), (96 bytes).
    Removing oled.o(.bss), (28 bytes).
    Removing robotservocontroller.o(.rev16_text), (4 bytes).
    Removing robotservocontroller.o(.revsh_text), (4 bytes).
    Removing robotservocontroller.o(.rrx_text), (6 bytes).
    Removing robotservocontroller.o(i.MoveServosByArray), (148 bytes).
    Removing robotservocontroller.o(i.runActionGroup), (48 bytes).
    Removing serial.o(.rev16_text), (4 bytes).
    Removing serial.o(.revsh_text), (4 bytes).
    Removing serial.o(.rrx_text), (6 bytes).
    Removing serial.o(i.Robot_Send_String), (24 bytes).
    Removing serial.o(i.fputc), (36 bytes).
    Removing serial.o(.data), (4 bytes).
    Removing blueserial.o(.rev16_text), (4 bytes).
    Removing blueserial.o(.revsh_text), (4 bytes).
    Removing blueserial.o(.rrx_text), (6 bytes).
    Removing blueserial.o(i.Blue_SendArray), (28 bytes).
    Removing blueserial.o(i.Blue_Send_Byte), (32 bytes).
    Removing blueserial.o(i.Blue_Send_String), (24 bytes).
    Removing main.o(.rev16_text), (4 bytes).
    Removing main.o(.revsh_text), (4 bytes).
    Removing main.o(.rrx_text), (6 bytes).
    Removing frame.o(.rev16_text), (4 bytes).
    Removing frame.o(.revsh_text), (4 bytes).
    Removing frame.o(.rrx_text), (6 bytes).
    Removing frame.o(i.SwitchGait), (2 bytes).
    Removing get_angle.o(.rev16_text), (4 bytes).
    Removing get_angle.o(.revsh_text), (4 bytes).
    Removing get_angle.o(.rrx_text), (6 bytes).
    Removing get_angle.o(i._Z10get_angle3fff), (364 bytes).
    Removing get_angle.o(i.get_angle1), (64 bytes).
    Removing get_angle.o(i.get_angle2), (252 bytes).
    Removing get_angle.o(i.get_x), (92 bytes).
    Removing get_angle.o(i.get_y), (92 bytes).
    Removing get_angle.o(i.get_z), (76 bytes).
    Removing get_angle.o(i.test), (304 bytes).
    Removing get_angle.o(.ARM.exidx), (8 bytes).
    Removing get_angle.o(.ARM.exidx), (8 bytes).
    Removing get_angle.o(.ARM.exidx), (8 bytes).
    Removing get_angle.o(.ARM.exidx), (8 bytes).
    Removing get_angle.o(.ARM.exidx), (8 bytes).
    Removing get_angle.o(.ARM.exidx), (8 bytes).
    Removing get_angle.o(.ARM.exidx), (8 bytes).
    Removing get_angle.o(i._ZSt4acosf), (24 bytes).
    Removing get_angle.o(.ARM.exidx), (8 bytes).
    Removing get_angle.o(i._ZSt3powff), (32 bytes).
    Removing get_angle.o(.ARM.exidx), (8 bytes).
    Removing get_angle.o(i._ZSt4sqrtf), (24 bytes).
    Removing get_angle.o(.ARM.exidx), (8 bytes).
    Removing get_angle.o(i._ZSt3powfi), (34 bytes).
    Removing get_angle.o(.ARM.exidx), (8 bytes).
    Removing get_angle.o(i._ZSt3cosf), (24 bytes).
    Removing get_angle.o(.ARM.exidx), (8 bytes).
    Removing get_angle.o(i._ZSt3sinf), (24 bytes).
    Removing get_angle.o(.ARM.exidx), (8 bytes).

887 unused section(s) (total 37694 bytes) removed from the image.

==============================================================================

Image Symbol Table

    Local Symbols

    Symbol Name                              Value     Ov Type        Size  Object(Section)

    ../clib/angel/boardlib.s                 0x00000000   Number         0  boardinit1.o ABSOLUTE
    ../clib/angel/boardlib.s                 0x00000000   Number         0  boardinit3.o ABSOLUTE
    ../clib/angel/boardlib.s                 0x00000000   Number         0  boardshut.o ABSOLUTE
    ../clib/angel/boardlib.s                 0x00000000   Number         0  boardinit2.o ABSOLUTE
    ../clib/angel/handlers.s                 0x00000000   Number         0  __scatter_zi.o ABSOLUTE
    ../clib/angel/handlers.s                 0x00000000   Number         0  __scatter_copy.o ABSOLUTE
    ../clib/angel/kernel.s                   0x00000000   Number         0  rtexit2.o ABSOLUTE
    ../clib/angel/kernel.s                   0x00000000   Number         0  __rtentry2.o ABSOLUTE
    ../clib/angel/kernel.s                   0x00000000   Number         0  __rtentry4.o ABSOLUTE
    ../clib/angel/kernel.s                   0x00000000   Number         0  rtexit.o ABSOLUTE
    ../clib/angel/kernel.s                   0x00000000   Number         0  __rtentry.o ABSOLUTE
    ../clib/angel/rt.s                       0x00000000   Number         0  rt_raise.o ABSOLUTE
    ../clib/angel/rt.s                       0x00000000   Number         0  rt_errno_addr.o ABSOLUTE
    ../clib/angel/rt.s                       0x00000000   Number         0  rt_ctype_table.o ABSOLUTE
    ../clib/angel/rt.s                       0x00000000   Number         0  rt_locale.o ABSOLUTE
    ../clib/angel/rt.s                       0x00000000   Number         0  rt_locale_intlibspace.o ABSOLUTE
    ../clib/angel/rt.s                       0x00000000   Number         0  rt_errno_addr_intlibspace.o ABSOLUTE
    ../clib/angel/scatter.s                  0x00000000   Number         0  __scatter.o ABSOLUTE
    ../clib/angel/startup.s                  0x00000000   Number         0  __main.o ABSOLUTE
    ../clib/angel/sys.s                      0x00000000   Number         0  libspace.o ABSOLUTE
    ../clib/angel/sys.s                      0x00000000   Number         0  use_no_semi.o ABSOLUTE
    ../clib/angel/sys.s                      0x00000000   Number         0  sys_stackheap_outer.o ABSOLUTE
    ../clib/angel/sys.s                      0x00000000   Number         0  indicate_semi.o ABSOLUTE
    ../clib/angel/sysapp.c                   0x00000000   Number         0  sys_wrch.o ABSOLUTE
    ../clib/angel/sysapp.c                   0x00000000   Number         0  sys_command.o ABSOLUTE
    ../clib/armsys.c                         0x00000000   Number         0  no_argv.o ABSOLUTE
    ../clib/armsys.c                         0x00000000   Number         0  _get_argv_nomalloc.o ABSOLUTE
    ../clib/armsys.c                         0x00000000   Number         0  argv_veneer.o ABSOLUTE
    ../clib/armsys.c                         0x00000000   Number         0  argv_veneer.o ABSOLUTE
    ../clib/fenv.c                           0x00000000   Number         0  _rserrno.o ABSOLUTE
    ../clib/heapalloc.c                      0x00000000   Number         0  hrguard.o ABSOLUTE
    ../clib/heapaux.c                        0x00000000   Number         0  heapauxi.o ABSOLUTE
    ../clib/libinit.s                        0x00000000   Number         0  libinit2.o ABSOLUTE
    ../clib/libinit.s                        0x00000000   Number         0  libinit.o ABSOLUTE
    ../clib/libinit.s                        0x00000000   Number         0  libshutdown.o ABSOLUTE
    ../clib/libinit.s                        0x00000000   Number         0  libshutdown2.o ABSOLUTE
    ../clib/locale.s                         0x00000000   Number         0  lc_ctype_c.o ABSOLUTE
    ../clib/memcpset.s                       0x00000000   Number         0  strcmpv7m.o ABSOLUTE
    ../clib/scanf.c                          0x00000000   Number         0  _strtoul.o ABSOLUTE
    ../clib/scanf.c                          0x00000000   Number         0  _chval.o ABSOLUTE
    ../clib/scanf.c                          0x00000000   Number         0  strtol.o ABSOLUTE
    ../clib/scanf.c                          0x00000000   Number         0  atoi.o ABSOLUTE
    ../clib/signal.c                         0x00000000   Number         0  defsig_rtmem_inner.o ABSOLUTE
    ../clib/signal.c                         0x00000000   Number         0  defsig_exit.o ABSOLUTE
    ../clib/signal.c                         0x00000000   Number         0  defsig_abrt_inner.o ABSOLUTE
    ../clib/signal.c                         0x00000000   Number         0  defsig_fpe_inner.o ABSOLUTE
    ../clib/signal.c                         0x00000000   Number         0  defsig_stak_inner.o ABSOLUTE
    ../clib/signal.c                         0x00000000   Number         0  defsig_pvfn_inner.o ABSOLUTE
    ../clib/signal.c                         0x00000000   Number         0  defsig_cppl_inner.o ABSOLUTE
    ../clib/signal.c                         0x00000000   Number         0  defsig_segv_inner.o ABSOLUTE
    ../clib/signal.c                         0x00000000   Number         0  defsig_other.o ABSOLUTE
    ../clib/signal.c                         0x00000000   Number         0  defsig_rtred_inner.o ABSOLUTE
    ../clib/signal.c                         0x00000000   Number         0  defsig_rtmem_formal.o ABSOLUTE
    ../clib/signal.c                         0x00000000   Number         0  defsig_rtmem_outer.o ABSOLUTE
    ../clib/signal.c                         0x00000000   Number         0  defsig_general.o ABSOLUTE
    ../clib/signal.c                         0x00000000   Number         0  __raise.o ABSOLUTE
    ../clib/signal.s                         0x00000000   Number         0  defsig.o ABSOLUTE
    ../clib/stdlib.c                         0x00000000   Number         0  exit.o ABSOLUTE
    ../fplib/d2f.s                           0x00000000   Number         0  d2f.o ABSOLUTE
    ../fplib/ddiv.s                          0x00000000   Number         0  ddiv.o ABSOLUTE
    ../fplib/dfixu.s                         0x00000000   Number         0  dfixu.o ABSOLUTE
    ../fplib/dnaninf.s                       0x00000000   Number         0  dnaninf.o ABSOLUTE
    ../fplib/dretinf.s                       0x00000000   Number         0  dretinf.o ABSOLUTE
    ../fplib/f2d.s                           0x00000000   Number         0  f2d.o ABSOLUTE
    ../fplib/fnaninf.s                       0x00000000   Number         0  fnaninf.o ABSOLUTE
    ../fplib/fpinit.s                        0x00000000   Number         0  fpinit.o ABSOLUTE
    ../fplib/fretinf.s                       0x00000000   Number         0  fretinf.o ABSOLUTE
    ../fplib/istatus.s                       0x00000000   Number         0  istatus.o ABSOLUTE
    ../fplib/usenofp.s                       0x00000000   Number         0  usenofp.o ABSOLUTE
    ../mathlib/acosf.c                       0x00000000   Number         0  acosf_x.o ABSOLUTE
    ../mathlib/acosf.c                       0x00000000   Number         0  acosf.o ABSOLUTE
    ../mathlib/atan2f.c                      0x00000000   Number         0  atan2f.o ABSOLUTE
    ../mathlib/atan2f.c                      0x00000000   Number         0  atan2f_x.o ABSOLUTE
    ../mathlib/atanf.c                       0x00000000   Number         0  atanf_x.o ABSOLUTE
    ../mathlib/atanf.c                       0x00000000   Number         0  atanf.o ABSOLUTE
    ../mathlib/cosf.c                        0x00000000   Number         0  cosf.o ABSOLUTE
    ../mathlib/cosf.c                        0x00000000   Number         0  cosf_x.o ABSOLUTE
    ../mathlib/fpclassifyf.c                 0x00000000   Number         0  fpclassifyf.o ABSOLUTE
    ../mathlib/funder.c                      0x00000000   Number         0  funder.o ABSOLUTE
    ../mathlib/powf.c                        0x00000000   Number         0  powf.o ABSOLUTE
    ../mathlib/powf.c                        0x00000000   Number         0  powf_x.o ABSOLUTE
    ../mathlib/rredf.c                       0x00000000   Number         0  rredf.o ABSOLUTE
    ../mathlib/sinf.c                        0x00000000   Number         0  sinf_x.o ABSOLUTE
    ../mathlib/sinf.c                        0x00000000   Number         0  sinf.o ABSOLUTE
    ../mathlib/sqrtf.c                       0x00000000   Number         0  sqrtf.o ABSOLUTE
    ../mathlib/sqrtf.c                       0x00000000   Number         0  sqrtf_x.o ABSOLUTE
    ..\Action\Action.c                       0x00000000   Number         0  action.o ABSOLUTE
    ..\Hardware\Delay.c                      0x00000000   Number         0  delay.o ABSOLUTE
    ..\Hardware\OLED.c                       0x00000000   Number         0  oled.o ABSOLUTE
    ..\Kinematics\Get_Angle.cpp              0x00000000   Number         0  get_angle.o ABSOLUTE
    ..\RobotFrame\Frame.c                    0x00000000   Number         0  frame.o ABSOLUTE
    ..\Robot\RobotServoController.c          0x00000000   Number         0  robotservocontroller.o ABSOLUTE
    ..\Serial\BlueSerial.c                   0x00000000   Number         0  blueserial.o ABSOLUTE
    ..\Serial\Serial.c                       0x00000000   Number         0  serial.o ABSOLUTE
    ..\\Action\\Action.c                     0x00000000   Number         0  action.o ABSOLUTE
    ..\\Hardware\\Delay.c                    0x00000000   Number         0  delay.o ABSOLUTE
    ..\\Hardware\\OLED.c                     0x00000000   Number         0  oled.o ABSOLUTE
    ..\\Kinematics\\Get_Angle.cpp            0x00000000   Number         0  get_angle.o ABSOLUTE
    ..\\RobotFrame\\Frame.c                  0x00000000   Number         0  frame.o ABSOLUTE
    ..\\Robot\\RobotServoController.c        0x00000000   Number         0  robotservocontroller.o ABSOLUTE
    ..\\Serial\\BlueSerial.c                 0x00000000   Number         0  blueserial.o ABSOLUTE
    ..\\Serial\\Serial.c                     0x00000000   Number         0  serial.o ABSOLUTE
    ..\\libraries\\src\\misc.c               0x00000000   Number         0  misc.o ABSOLUTE
    ..\\libraries\\src\\stm32f4xx_adc.c      0x00000000   Number         0  stm32f4xx_adc.o ABSOLUTE
    ..\\libraries\\src\\stm32f4xx_can.c      0x00000000   Number         0  stm32f4xx_can.o ABSOLUTE
    ..\\libraries\\src\\stm32f4xx_cec.c      0x00000000   Number         0  stm32f4xx_cec.o ABSOLUTE
    ..\\libraries\\src\\stm32f4xx_crc.c      0x00000000   Number         0  stm32f4xx_crc.o ABSOLUTE
    ..\\libraries\\src\\stm32f4xx_cryp.c     0x00000000   Number         0  stm32f4xx_cryp.o ABSOLUTE
    ..\\libraries\\src\\stm32f4xx_cryp_aes.c 0x00000000   Number         0  stm32f4xx_cryp_aes.o ABSOLUTE
    ..\\libraries\\src\\stm32f4xx_cryp_des.c 0x00000000   Number         0  stm32f4xx_cryp_des.o ABSOLUTE
    ..\\libraries\\src\\stm32f4xx_cryp_tdes.c 0x00000000   Number         0  stm32f4xx_cryp_tdes.o ABSOLUTE
    ..\\libraries\\src\\stm32f4xx_dac.c      0x00000000   Number         0  stm32f4xx_dac.o ABSOLUTE
    ..\\libraries\\src\\stm32f4xx_dbgmcu.c   0x00000000   Number         0  stm32f4xx_dbgmcu.o ABSOLUTE
    ..\\libraries\\src\\stm32f4xx_dcmi.c     0x00000000   Number         0  stm32f4xx_dcmi.o ABSOLUTE
    ..\\libraries\\src\\stm32f4xx_dfsdm.c    0x00000000   Number         0  stm32f4xx_dfsdm.o ABSOLUTE
    ..\\libraries\\src\\stm32f4xx_dma.c      0x00000000   Number         0  stm32f4xx_dma.o ABSOLUTE
    ..\\libraries\\src\\stm32f4xx_dma2d.c    0x00000000   Number         0  stm32f4xx_dma2d.o ABSOLUTE
    ..\\libraries\\src\\stm32f4xx_dsi.c      0x00000000   Number         0  stm32f4xx_dsi.o ABSOLUTE
    ..\\libraries\\src\\stm32f4xx_exti.c     0x00000000   Number         0  stm32f4xx_exti.o ABSOLUTE
    ..\\libraries\\src\\stm32f4xx_flash.c    0x00000000   Number         0  stm32f4xx_flash.o ABSOLUTE
    ..\\libraries\\src\\stm32f4xx_flash_ramfunc.c 0x00000000   Number         0  stm32f4xx_flash_ramfunc.o ABSOLUTE
    ..\\libraries\\src\\stm32f4xx_fmpi2c.c   0x00000000   Number         0  stm32f4xx_fmpi2c.o ABSOLUTE
    ..\\libraries\\src\\stm32f4xx_fsmc.c     0x00000000   Number         0  stm32f4xx_fsmc.o ABSOLUTE
    ..\\libraries\\src\\stm32f4xx_gpio.c     0x00000000   Number         0  stm32f4xx_gpio.o ABSOLUTE
    ..\\libraries\\src\\stm32f4xx_hash.c     0x00000000   Number         0  stm32f4xx_hash.o ABSOLUTE
    ..\\libraries\\src\\stm32f4xx_hash_md5.c 0x00000000   Number         0  stm32f4xx_hash_md5.o ABSOLUTE
    ..\\libraries\\src\\stm32f4xx_hash_sha1.c 0x00000000   Number         0  stm32f4xx_hash_sha1.o ABSOLUTE
    ..\\libraries\\src\\stm32f4xx_i2c.c      0x00000000   Number         0  stm32f4xx_i2c.o ABSOLUTE
    ..\\libraries\\src\\stm32f4xx_iwdg.c     0x00000000   Number         0  stm32f4xx_iwdg.o ABSOLUTE
    ..\\libraries\\src\\stm32f4xx_lptim.c    0x00000000   Number         0  stm32f4xx_lptim.o ABSOLUTE
    ..\\libraries\\src\\stm32f4xx_ltdc.c     0x00000000   Number         0  stm32f4xx_ltdc.o ABSOLUTE
    ..\\libraries\\src\\stm32f4xx_pwr.c      0x00000000   Number         0  stm32f4xx_pwr.o ABSOLUTE
    ..\\libraries\\src\\stm32f4xx_qspi.c     0x00000000   Number         0  stm32f4xx_qspi.o ABSOLUTE
    ..\\libraries\\src\\stm32f4xx_rcc.c      0x00000000   Number         0  stm32f4xx_rcc.o ABSOLUTE
    ..\\libraries\\src\\stm32f4xx_rng.c      0x00000000   Number         0  stm32f4xx_rng.o ABSOLUTE
    ..\\libraries\\src\\stm32f4xx_rtc.c      0x00000000   Number         0  stm32f4xx_rtc.o ABSOLUTE
    ..\\libraries\\src\\stm32f4xx_sai.c      0x00000000   Number         0  stm32f4xx_sai.o ABSOLUTE
    ..\\libraries\\src\\stm32f4xx_sdio.c     0x00000000   Number         0  stm32f4xx_sdio.o ABSOLUTE
    ..\\libraries\\src\\stm32f4xx_spdifrx.c  0x00000000   Number         0  stm32f4xx_spdifrx.o ABSOLUTE
    ..\\libraries\\src\\stm32f4xx_spi.c      0x00000000   Number         0  stm32f4xx_spi.o ABSOLUTE
    ..\\libraries\\src\\stm32f4xx_syscfg.c   0x00000000   Number         0  stm32f4xx_syscfg.o ABSOLUTE
    ..\\libraries\\src\\stm32f4xx_tim.c      0x00000000   Number         0  stm32f4xx_tim.o ABSOLUTE
    ..\\libraries\\src\\stm32f4xx_usart.c    0x00000000   Number         0  stm32f4xx_usart.o ABSOLUTE
    ..\\libraries\\src\\stm32f4xx_wwdg.c     0x00000000   Number         0  stm32f4xx_wwdg.o ABSOLUTE
    ..\\stm32\\system_stm32f4xx.c            0x00000000   Number         0  system_stm32f4xx.o ABSOLUTE
    ..\\user\\main.c                         0x00000000   Number         0  main.o ABSOLUTE
    ..\libraries\src\misc.c                  0x00000000   Number         0  misc.o ABSOLUTE
    ..\libraries\src\stm32f4xx_adc.c         0x00000000   Number         0  stm32f4xx_adc.o ABSOLUTE
    ..\libraries\src\stm32f4xx_can.c         0x00000000   Number         0  stm32f4xx_can.o ABSOLUTE
    ..\libraries\src\stm32f4xx_cec.c         0x00000000   Number         0  stm32f4xx_cec.o ABSOLUTE
    ..\libraries\src\stm32f4xx_crc.c         0x00000000   Number         0  stm32f4xx_crc.o ABSOLUTE
    ..\libraries\src\stm32f4xx_cryp.c        0x00000000   Number         0  stm32f4xx_cryp.o ABSOLUTE
    ..\libraries\src\stm32f4xx_cryp_aes.c    0x00000000   Number         0  stm32f4xx_cryp_aes.o ABSOLUTE
    ..\libraries\src\stm32f4xx_cryp_des.c    0x00000000   Number         0  stm32f4xx_cryp_des.o ABSOLUTE
    ..\libraries\src\stm32f4xx_cryp_tdes.c   0x00000000   Number         0  stm32f4xx_cryp_tdes.o ABSOLUTE
    ..\libraries\src\stm32f4xx_dac.c         0x00000000   Number         0  stm32f4xx_dac.o ABSOLUTE
    ..\libraries\src\stm32f4xx_dbgmcu.c      0x00000000   Number         0  stm32f4xx_dbgmcu.o ABSOLUTE
    ..\libraries\src\stm32f4xx_dcmi.c        0x00000000   Number         0  stm32f4xx_dcmi.o ABSOLUTE
    ..\libraries\src\stm32f4xx_dfsdm.c       0x00000000   Number         0  stm32f4xx_dfsdm.o ABSOLUTE
    ..\libraries\src\stm32f4xx_dma.c         0x00000000   Number         0  stm32f4xx_dma.o ABSOLUTE
    ..\libraries\src\stm32f4xx_dma2d.c       0x00000000   Number         0  stm32f4xx_dma2d.o ABSOLUTE
    ..\libraries\src\stm32f4xx_dsi.c         0x00000000   Number         0  stm32f4xx_dsi.o ABSOLUTE
    ..\libraries\src\stm32f4xx_exti.c        0x00000000   Number         0  stm32f4xx_exti.o ABSOLUTE
    ..\libraries\src\stm32f4xx_flash.c       0x00000000   Number         0  stm32f4xx_flash.o ABSOLUTE
    ..\libraries\src\stm32f4xx_flash_ramfunc.c 0x00000000   Number         0  stm32f4xx_flash_ramfunc.o ABSOLUTE
    ..\libraries\src\stm32f4xx_fmpi2c.c      0x00000000   Number         0  stm32f4xx_fmpi2c.o ABSOLUTE
    ..\libraries\src\stm32f4xx_fsmc.c        0x00000000   Number         0  stm32f4xx_fsmc.o ABSOLUTE
    ..\libraries\src\stm32f4xx_gpio.c        0x00000000   Number         0  stm32f4xx_gpio.o ABSOLUTE
    ..\libraries\src\stm32f4xx_hash.c        0x00000000   Number         0  stm32f4xx_hash.o ABSOLUTE
    ..\libraries\src\stm32f4xx_hash_md5.c    0x00000000   Number         0  stm32f4xx_hash_md5.o ABSOLUTE
    ..\libraries\src\stm32f4xx_hash_sha1.c   0x00000000   Number         0  stm32f4xx_hash_sha1.o ABSOLUTE
    ..\libraries\src\stm32f4xx_i2c.c         0x00000000   Number         0  stm32f4xx_i2c.o ABSOLUTE
    ..\libraries\src\stm32f4xx_iwdg.c        0x00000000   Number         0  stm32f4xx_iwdg.o ABSOLUTE
    ..\libraries\src\stm32f4xx_lptim.c       0x00000000   Number         0  stm32f4xx_lptim.o ABSOLUTE
    ..\libraries\src\stm32f4xx_ltdc.c        0x00000000   Number         0  stm32f4xx_ltdc.o ABSOLUTE
    ..\libraries\src\stm32f4xx_pwr.c         0x00000000   Number         0  stm32f4xx_pwr.o ABSOLUTE
    ..\libraries\src\stm32f4xx_qspi.c        0x00000000   Number         0  stm32f4xx_qspi.o ABSOLUTE
    ..\libraries\src\stm32f4xx_rcc.c         0x00000000   Number         0  stm32f4xx_rcc.o ABSOLUTE
    ..\libraries\src\stm32f4xx_rng.c         0x00000000   Number         0  stm32f4xx_rng.o ABSOLUTE
    ..\libraries\src\stm32f4xx_rtc.c         0x00000000   Number         0  stm32f4xx_rtc.o ABSOLUTE
    ..\libraries\src\stm32f4xx_sai.c         0x00000000   Number         0  stm32f4xx_sai.o ABSOLUTE
    ..\libraries\src\stm32f4xx_sdio.c        0x00000000   Number         0  stm32f4xx_sdio.o ABSOLUTE
    ..\libraries\src\stm32f4xx_spdifrx.c     0x00000000   Number         0  stm32f4xx_spdifrx.o ABSOLUTE
    ..\libraries\src\stm32f4xx_spi.c         0x00000000   Number         0  stm32f4xx_spi.o ABSOLUTE
    ..\libraries\src\stm32f4xx_syscfg.c      0x00000000   Number         0  stm32f4xx_syscfg.o ABSOLUTE
    ..\libraries\src\stm32f4xx_tim.c         0x00000000   Number         0  stm32f4xx_tim.o ABSOLUTE
    ..\libraries\src\stm32f4xx_usart.c       0x00000000   Number         0  stm32f4xx_usart.o ABSOLUTE
    ..\libraries\src\stm32f4xx_wwdg.c        0x00000000   Number         0  stm32f4xx_wwdg.o ABSOLUTE
    ..\stm32\startup_stm32f40_41xxx.s        0x00000000   Number         0  startup_stm32f40_41xxx.o ABSOLUTE
    ..\stm32\stm32f4xx_it.c                  0x00000000   Number         0  stm32f4xx_it.o ABSOLUTE
    ..\stm32\system_stm32f4xx.c              0x00000000   Number         0  system_stm32f4xx.o ABSOLUTE
    ..\user\main.c                           0x00000000   Number         0  main.o ABSOLUTE
    dc.s                                     0x00000000   Number         0  dc.o ABSOLUTE
    RESET                                    0x08000000   Section      392  startup_stm32f40_41xxx.o(RESET)
    !!!main                                  0x08000188   Section        8  __main.o(!!!main)
    !!!scatter                               0x08000190   Section       52  __scatter.o(!!!scatter)
    !!handler_copy                           0x080001c4   Section       26  __scatter_copy.o(!!handler_copy)
    !!handler_zi                             0x080001e0   Section       28  __scatter_zi.o(!!handler_zi)
    .ARM.Collect$$libinit$$00000000          0x080001fc   Section        2  libinit.o(.ARM.Collect$$libinit$$00000000)
    .ARM.Collect$$libinit$$00000001          0x080001fe   Section        4  libinit2.o(.ARM.Collect$$libinit$$00000001)
    .ARM.Collect$$libinit$$00000004          0x08000202   Section        0  libinit2.o(.ARM.Collect$$libinit$$00000004)
    .ARM.Collect$$libinit$$0000000A          0x08000202   Section        0  libinit2.o(.ARM.Collect$$libinit$$0000000A)
    .ARM.Collect$$libinit$$0000000C          0x08000202   Section        0  libinit2.o(.ARM.Collect$$libinit$$0000000C)
    .ARM.Collect$$libinit$$0000000E          0x08000202   Section        0  libinit2.o(.ARM.Collect$$libinit$$0000000E)
    .ARM.Collect$$libinit$$0000000F          0x08000202   Section        6  libinit2.o(.ARM.Collect$$libinit$$0000000F)
    .ARM.Collect$$libinit$$00000011          0x08000208   Section        0  libinit2.o(.ARM.Collect$$libinit$$00000011)
    .ARM.Collect$$libinit$$00000012          0x08000208   Section       12  libinit2.o(.ARM.Collect$$libinit$$00000012)
    .ARM.Collect$$libinit$$00000013          0x08000214   Section        0  libinit2.o(.ARM.Collect$$libinit$$00000013)
    .ARM.Collect$$libinit$$00000015          0x08000214   Section        0  libinit2.o(.ARM.Collect$$libinit$$00000015)
    .ARM.Collect$$libinit$$00000017          0x08000214   Section        0  libinit2.o(.ARM.Collect$$libinit$$00000017)
    .ARM.Collect$$libinit$$00000019          0x08000214   Section        0  libinit2.o(.ARM.Collect$$libinit$$00000019)
    .ARM.Collect$$libinit$$0000001B          0x08000214   Section        0  libinit2.o(.ARM.Collect$$libinit$$0000001B)
    .ARM.Collect$$libinit$$0000001D          0x08000214   Section        0  libinit2.o(.ARM.Collect$$libinit$$0000001D)
    .ARM.Collect$$libinit$$0000001F          0x08000214   Section        0  libinit2.o(.ARM.Collect$$libinit$$0000001F)
    .ARM.Collect$$libinit$$00000021          0x08000214   Section        0  libinit2.o(.ARM.Collect$$libinit$$00000021)
    .ARM.Collect$$libinit$$00000023          0x08000214   Section        0  libinit2.o(.ARM.Collect$$libinit$$00000023)
    .ARM.Collect$$libinit$$00000025          0x08000214   Section        0  libinit2.o(.ARM.Collect$$libinit$$00000025)
    .ARM.Collect$$libinit$$0000002C          0x08000214   Section        0  libinit2.o(.ARM.Collect$$libinit$$0000002C)
    .ARM.Collect$$libinit$$0000002E          0x08000214   Section        0  libinit2.o(.ARM.Collect$$libinit$$0000002E)
    .ARM.Collect$$libinit$$00000030          0x08000214   Section        0  libinit2.o(.ARM.Collect$$libinit$$00000030)
    .ARM.Collect$$libinit$$00000032          0x08000214   Section        0  libinit2.o(.ARM.Collect$$libinit$$00000032)
    .ARM.Collect$$libinit$$00000033          0x08000214   Section        2  libinit2.o(.ARM.Collect$$libinit$$00000033)
    .ARM.Collect$$libshutdown$$00000000      0x08000216   Section        2  libshutdown.o(.ARM.Collect$$libshutdown$$00000000)
    .ARM.Collect$$libshutdown$$00000002      0x08000218   Section        0  libshutdown2.o(.ARM.Collect$$libshutdown$$00000002)
    .ARM.Collect$$libshutdown$$00000004      0x08000218   Section        0  libshutdown2.o(.ARM.Collect$$libshutdown$$00000004)
    .ARM.Collect$$libshutdown$$00000006      0x08000218   Section        0  libshutdown2.o(.ARM.Collect$$libshutdown$$00000006)
    .ARM.Collect$$libshutdown$$00000009      0x08000218   Section        0  libshutdown2.o(.ARM.Collect$$libshutdown$$00000009)
    .ARM.Collect$$libshutdown$$0000000C      0x08000218   Section        0  libshutdown2.o(.ARM.Collect$$libshutdown$$0000000C)
    .ARM.Collect$$libshutdown$$0000000E      0x08000218   Section        0  libshutdown2.o(.ARM.Collect$$libshutdown$$0000000E)
    .ARM.Collect$$libshutdown$$00000011      0x08000218   Section        0  libshutdown2.o(.ARM.Collect$$libshutdown$$00000011)
    .ARM.Collect$$libshutdown$$00000012      0x08000218   Section        2  libshutdown2.o(.ARM.Collect$$libshutdown$$00000012)
    .ARM.Collect$$rtentry$$00000000          0x0800021a   Section        0  __rtentry.o(.ARM.Collect$$rtentry$$00000000)
    .ARM.Collect$$rtentry$$00000002          0x0800021a   Section        0  __rtentry2.o(.ARM.Collect$$rtentry$$00000002)
    .ARM.Collect$$rtentry$$00000004          0x0800021a   Section        6  __rtentry4.o(.ARM.Collect$$rtentry$$00000004)
    .ARM.Collect$$rtentry$$00000009          0x08000220   Section        0  __rtentry2.o(.ARM.Collect$$rtentry$$00000009)
    .ARM.Collect$$rtentry$$0000000A          0x08000220   Section        4  __rtentry2.o(.ARM.Collect$$rtentry$$0000000A)
    .ARM.Collect$$rtentry$$0000000C          0x08000224   Section        0  __rtentry2.o(.ARM.Collect$$rtentry$$0000000C)
    .ARM.Collect$$rtentry$$0000000D          0x08000224   Section        8  __rtentry2.o(.ARM.Collect$$rtentry$$0000000D)
    .ARM.Collect$$rtexit$$00000000           0x0800022c   Section        2  rtexit.o(.ARM.Collect$$rtexit$$00000000)
    .ARM.Collect$$rtexit$$00000002           0x0800022e   Section        0  rtexit2.o(.ARM.Collect$$rtexit$$00000002)
    .ARM.Collect$$rtexit$$00000003           0x0800022e   Section        4  rtexit2.o(.ARM.Collect$$rtexit$$00000003)
    .ARM.Collect$$rtexit$$00000004           0x08000232   Section        6  rtexit2.o(.ARM.Collect$$rtexit$$00000004)
    .text                                    0x08000238   Section       64  startup_stm32f40_41xxx.o(.text)
    $v0                                      0x08000238   Number         0  startup_stm32f40_41xxx.o(.text)
    .text                                    0x08000278   Section        0  atoi.o(.text)
    .text                                    0x08000292   Section        0  heapauxi.o(.text)
    .text                                    0x08000298   Section        8  rt_errno_addr_intlibspace.o(.text)
    .text                                    0x080002a0   Section        0  strtol.o(.text)
    .text                                    0x08000310   Section        8  libspace.o(.text)
    .text                                    0x08000318   Section       16  rt_ctype_table.o(.text)
    .text                                    0x08000328   Section        0  _strtoul.o(.text)
    .text                                    0x080003c6   Section       74  sys_stackheap_outer.o(.text)
    .text                                    0x08000410   Section        8  rt_locale_intlibspace.o(.text)
    .text                                    0x08000418   Section        0  _chval.o(.text)
    .text                                    0x08000434   Section        0  exit.o(.text)
    .text                                    0x08000448   Section      128  strcmpv7m.o(.text)
    i.ActionCallBack                         0x080004c8   Section        0  frame.o(i.ActionCallBack)
    i.Blue_Serial_Init                       0x080004dc   Section        0  blueserial.o(i.Blue_Serial_Init)
    i.BluetoochMode                          0x08000598   Section        0  frame.o(i.BluetoochMode)
    i.BusFault_Handler                       0x080005c0   Section        0  stm32f4xx_it.o(i.BusFault_Handler)
    i.CtrlEntry                              0x080005c4   Section        0  frame.o(i.CtrlEntry)
    i.DebugMon_Handler                       0x080005cc   Section        0  stm32f4xx_it.o(i.DebugMon_Handler)
    i.Delay_Init                             0x080005d0   Section        0  delay.o(i.Delay_Init)
    i.Delay_Ms                               0x08000658   Section        0  delay.o(i.Delay_Ms)
    i.FrameEntry                             0x080006ac   Section        0  frame.o(i.FrameEntry)
    i.GPIO_Init                              0x080006dc   Section        0  stm32f4xx_gpio.o(i.GPIO_Init)
    i.GPIO_PinAFConfig                       0x0800076c   Section        0  stm32f4xx_gpio.o(i.GPIO_PinAFConfig)
    i.GPIO_StructInit                        0x080007b2   Section        0  stm32f4xx_gpio.o(i.GPIO_StructInit)
    i.GPIO_WriteBit                          0x080007c4   Section        0  stm32f4xx_gpio.o(i.GPIO_WriteBit)
    i.HardFault_Handler                      0x080007d0   Section        0  stm32f4xx_it.o(i.HardFault_Handler)
    i.HexapodRobot_Init                      0x080007d4   Section        0  frame.o(i.HexapodRobot_Init)
    i.MemManage_Handler                      0x08000808   Section        0  stm32f4xx_it.o(i.MemManage_Handler)
    i.MoveServo                              0x0800080c   Section        0  robotservocontroller.o(i.MoveServo)
    i.Move_Advance                           0x08000858   Section        0  action.o(i.Move_Advance)
    i.Move_Left_Turn                         0x08000884   Section        0  action.o(i.Move_Left_Turn)
    i.Move_Logic                             0x080008b0   Section        0  action.o(i.Move_Logic)
    i.Move_Retreat                           0x080009a8   Section        0  action.o(i.Move_Retreat)
    i.Move_Right_Turn                        0x080009d4   Section        0  action.o(i.Move_Right_Turn)
    i.Move_Rotation                          0x08000a00   Section        0  action.o(i.Move_Rotation)
    i.Move_Stop                              0x08000a84   Section        0  action.o(i.Move_Stop)
    i.NMI_Handler                            0x08000a92   Section        0  stm32f4xx_it.o(i.NMI_Handler)
    i.NVIC_Init                              0x08000a94   Section        0  misc.o(i.NVIC_Init)
    i.OLED_Clear                             0x08000b0c   Section        0  oled.o(i.OLED_Clear)
    i.OLED_I2C_Init                          0x08000b38   Section        0  oled.o(i.OLED_I2C_Init)
    i.OLED_I2C_SendByte                      0x08000b84   Section        0  oled.o(i.OLED_I2C_SendByte)
    i.OLED_I2C_Start                         0x08000bd8   Section        0  oled.o(i.OLED_I2C_Start)
    i.OLED_I2C_Stop                          0x08000c0c   Section        0  oled.o(i.OLED_I2C_Stop)
    i.OLED_Init                              0x08000c34   Section        0  oled.o(i.OLED_Init)
    i.OLED_SetCursor                         0x08000ce2   Section        0  oled.o(i.OLED_SetCursor)
    i.OLED_ShowChar                          0x08000d04   Section        0  oled.o(i.OLED_ShowChar)
    i.OLED_ShowString                        0x08000d78   Section        0  oled.o(i.OLED_ShowString)
    i.OLED_WriteCommand                      0x08000da0   Section        0  oled.o(i.OLED_WriteCommand)
    i.OLED_WriteData                         0x08000dc0   Section        0  oled.o(i.OLED_WriteData)
    i.PendSV_Handler                         0x08000de0   Section        0  stm32f4xx_it.o(i.PendSV_Handler)
    i.RCC_AHB1PeriphClockCmd                 0x08000de4   Section        0  stm32f4xx_rcc.o(i.RCC_AHB1PeriphClockCmd)
    i.RCC_APB1PeriphClockCmd                 0x08000e04   Section        0  stm32f4xx_rcc.o(i.RCC_APB1PeriphClockCmd)
    i.RCC_APB1PeriphResetCmd                 0x08000e24   Section        0  stm32f4xx_rcc.o(i.RCC_APB1PeriphResetCmd)
    i.RCC_APB2PeriphClockCmd                 0x08000e44   Section        0  stm32f4xx_rcc.o(i.RCC_APB2PeriphClockCmd)
    i.RCC_APB2PeriphResetCmd                 0x08000e64   Section        0  stm32f4xx_rcc.o(i.RCC_APB2PeriphResetCmd)
    i.RCC_GetClocksFreq                      0x08000e84   Section        0  stm32f4xx_rcc.o(i.RCC_GetClocksFreq)
    i.Robot_Action                           0x08000f6c   Section        0  action.o(i.Robot_Action)
    i.Robot_SendArray                        0x08000f98   Section        0  serial.o(i.Robot_SendArray)
    i.Robot_Send_Byte                        0x08000fb4   Section        0  serial.o(i.Robot_Send_Byte)
    i.Robot_Serial_Init                      0x08000fd4   Section        0  serial.o(i.Robot_Serial_Init)
    i.SVC_Handler                            0x080010cc   Section        0  stm32f4xx_it.o(i.SVC_Handler)
    i.SetSysClock                            0x080010d0   Section        0  system_stm32f4xx.o(i.SetSysClock)
    SetSysClock                              0x080010d1   Thumb Code   220  system_stm32f4xx.o(i.SetSysClock)
    i.Set_Posture_High                       0x080011bc   Section        0  action.o(i.Set_Posture_High)
    i.Set_Posture_Low                        0x08001244   Section        0  action.o(i.Set_Posture_Low)
    i.Set_Posture_Midium                     0x08001278   Section        0  action.o(i.Set_Posture_Midium)
    i.Set_Speed_High                         0x08001300   Section        0  action.o(i.Set_Speed_High)
    i.Set_Speed_Low                          0x0800130c   Section        0  action.o(i.Set_Speed_Low)
    i.Set_Speed_Midium                       0x0800131c   Section        0  action.o(i.Set_Speed_Midium)
    i.SysTick_Handler                        0x08001328   Section        0  stm32f4xx_it.o(i.SysTick_Handler)
    i.SystemInit                             0x0800132c   Section        0  system_stm32f4xx.o(i.SystemInit)
    i.USART3_IRQHandler                      0x08001394   Section        0  blueserial.o(i.USART3_IRQHandler)
    i.USART_ClearFlag                        0x0800141c   Section        0  stm32f4xx_usart.o(i.USART_ClearFlag)
    i.USART_ClearITPendingBit                0x0800142e   Section        0  stm32f4xx_usart.o(i.USART_ClearITPendingBit)
    i.USART_Cmd                              0x0800144c   Section        0  stm32f4xx_usart.o(i.USART_Cmd)
    i.USART_DeInit                           0x08001464   Section        0  stm32f4xx_usart.o(i.USART_DeInit)
    i.USART_GetFlagStatus                    0x08001554   Section        0  stm32f4xx_usart.o(i.USART_GetFlagStatus)
    i.USART_GetITStatus                      0x0800156e   Section        0  stm32f4xx_usart.o(i.USART_GetITStatus)
    i.USART_ITConfig                         0x080015c2   Section        0  stm32f4xx_usart.o(i.USART_ITConfig)
    i.USART_Init                             0x0800160c   Section        0  stm32f4xx_usart.o(i.USART_Init)
    i.USART_ReceiveData                      0x080016e0   Section        0  stm32f4xx_usart.o(i.USART_ReceiveData)
    i.USART_SendData                         0x080016ea   Section        0  stm32f4xx_usart.o(i.USART_SendData)
    i.USART_StructInit                       0x080016f2   Section        0  stm32f4xx_usart.o(i.USART_StructInit)
    i.UsageFault_Handler                     0x0800170a   Section        0  stm32f4xx_it.o(i.UsageFault_Handler)
    i._Move_Robot                            0x0800170e   Section        0  action.o(i._Move_Robot)
    i._sys_exit                              0x08001746   Section        0  serial.o(i._sys_exit)
    i.main                                   0x0800174a   Section        0  main.o(i.main)
    locale$$code                             0x08001754   Section       44  lc_ctype_c.o(locale$$code)
    x$fpl$fpinit                             0x08001780   Section       10  fpinit.o(x$fpl$fpinit)
    $v0                                      0x08001780   Number         0  fpinit.o(x$fpl$fpinit)
    .constdata                               0x0800178a   Section     1520  oled.o(.constdata)
    locale$$data                             0x08001d9c   Section      272  lc_ctype_c.o(locale$$data)
    __lcctype_c_name                         0x08001da0   Data           2  lc_ctype_c.o(locale$$data)
    __lcctype_c_start                        0x08001da8   Data           0  lc_ctype_c.o(locale$$data)
    __lcctype_c_end                          0x08001eac   Data           0  lc_ctype_c.o(locale$$data)
    .data                                    0x20000000   Section       16  stm32f4xx_rcc.o(.data)
    APBAHBPrescTable                         0x20000000   Data          16  stm32f4xx_rcc.o(.data)
    .data                                    0x20000010   Section      164  action.o(.data)
    .data                                    0x200000b4   Section        8  delay.o(.data)
    .data                                    0x200000bc   Section        3  blueserial.o(.data)
    flag                                     0x200000bd   Data           1  blueserial.o(.data)
    pRxPacket                                0x200000be   Data           1  blueserial.o(.data)
    .data                                    0x200000c0   Section       52  frame.o(.data)
    .bss                                     0x200000f4   Section       36  action.o(.bss)
    .bss                                     0x20000118   Section      128  robotservocontroller.o(.bss)
    .bss                                     0x20000198   Section      100  blueserial.o(.bss)
    .bss                                     0x200001fc   Section       96  libspace.o(.bss)
    HEAP                                     0x20000260   Section      512  startup_stm32f40_41xxx.o(HEAP)
    Heap_Mem                                 0x20000260   Data         512  startup_stm32f40_41xxx.o(HEAP)
    STACK                                    0x20000460   Section     1024  startup_stm32f40_41xxx.o(STACK)
    Stack_Mem                                0x20000460   Data        1024  startup_stm32f40_41xxx.o(STACK)
    __initial_sp                             0x20000860   Data           0  startup_stm32f40_41xxx.o(STACK)

    Global Symbols

    Symbol Name                              Value     Ov Type        Size  Object(Section)

    BuildAttributes$$THM_ISAv4$E$P$D$K$B$S$7EM$VFPi3$EXTD16$VFPS$VFMA$PE$A:L22UL41UL21$X:L11$S22US41US21$IEEE1$IW$USESV6$~STKCKD$USESV7$~SHL$OTIME$ROPI$IEEEX$EBA8$UX$STANDARDLIB$REQ8$PRES8$EABIv2 0x00000000   Number         0  anon$$obj.o ABSOLUTE
    __ARM_use_no_argv                        0x00000000   Number         0  main.o ABSOLUTE
    __ARM_exceptions_init                     - Undefined Weak Reference
    __alloca_initialize                       - Undefined Weak Reference
    __arm_fini_                               - Undefined Weak Reference
    __arm_preinit_                            - Undefined Weak Reference
    __cpp_initialize__aeabi_                  - Undefined Weak Reference
    __cxa_finalize                            - Undefined Weak Reference
    __sigvec_lookup                           - Undefined Weak Reference
    _atexit_init                              - Undefined Weak Reference
    _call_atexit_fns                          - Undefined Weak Reference
    _clock_init                               - Undefined Weak Reference
    _fp_trap_init                             - Undefined Weak Reference
    _fp_trap_shutdown                         - Undefined Weak Reference
    _get_lc_collate                           - Undefined Weak Reference
    _get_lc_monetary                          - Undefined Weak Reference
    _get_lc_numeric                           - Undefined Weak Reference
    _get_lc_time                              - Undefined Weak Reference
    _getenv_init                              - Undefined Weak Reference
    _handle_redirection                       - Undefined Weak Reference
    _init_alloc                               - Undefined Weak Reference
    _init_user_alloc                          - Undefined Weak Reference
    _initio                                   - Undefined Weak Reference
    _rand_init                                - Undefined Weak Reference
    _signal_finish                            - Undefined Weak Reference
    _signal_init                              - Undefined Weak Reference
    _terminate_alloc                          - Undefined Weak Reference
    _terminate_user_alloc                     - Undefined Weak Reference
    _terminateio                              - Undefined Weak Reference
    __Vectors_Size                           0x00000188   Number         0  startup_stm32f40_41xxx.o ABSOLUTE
    __Vectors                                0x08000000   Data           4  startup_stm32f40_41xxx.o(RESET)
    __Vectors_End                            0x08000188   Data           0  startup_stm32f40_41xxx.o(RESET)
    __main                                   0x08000189   Thumb Code     8  __main.o(!!!main)
    __scatterload                            0x08000191   Thumb Code     0  __scatter.o(!!!scatter)
    __scatterload_rt2                        0x08000191   Thumb Code    44  __scatter.o(!!!scatter)
    __scatterload_rt2_thumb_only             0x08000191   Thumb Code     0  __scatter.o(!!!scatter)
    __scatterload_null                       0x0800019f   Thumb Code     0  __scatter.o(!!!scatter)
    __scatterload_copy                       0x080001c5   Thumb Code    26  __scatter_copy.o(!!handler_copy)
    __scatterload_zeroinit                   0x080001e1   Thumb Code    28  __scatter_zi.o(!!handler_zi)
    __rt_lib_init                            0x080001fd   Thumb Code     0  libinit.o(.ARM.Collect$$libinit$$00000000)
    __rt_lib_init_fp_1                       0x080001ff   Thumb Code     0  libinit2.o(.ARM.Collect$$libinit$$00000001)
    __rt_lib_init_heap_1                     0x08000203   Thumb Code     0  libinit2.o(.ARM.Collect$$libinit$$0000000A)
    __rt_lib_init_lc_common                  0x08000203   Thumb Code     0  libinit2.o(.ARM.Collect$$libinit$$0000000F)
    __rt_lib_init_preinit_1                  0x08000203   Thumb Code     0  libinit2.o(.ARM.Collect$$libinit$$00000004)
    __rt_lib_init_rand_1                     0x08000203   Thumb Code     0  libinit2.o(.ARM.Collect$$libinit$$0000000E)
    __rt_lib_init_user_alloc_1               0x08000203   Thumb Code     0  libinit2.o(.ARM.Collect$$libinit$$0000000C)
    __rt_lib_init_lc_collate_1               0x08000209   Thumb Code     0  libinit2.o(.ARM.Collect$$libinit$$00000011)
    __rt_lib_init_lc_ctype_2                 0x08000209   Thumb Code     0  libinit2.o(.ARM.Collect$$libinit$$00000012)
    __rt_lib_init_alloca_1                   0x08000215   Thumb Code     0  libinit2.o(.ARM.Collect$$libinit$$0000002E)
    __rt_lib_init_argv_1                     0x08000215   Thumb Code     0  libinit2.o(.ARM.Collect$$libinit$$0000002C)
    __rt_lib_init_atexit_1                   0x08000215   Thumb Code     0  libinit2.o(.ARM.Collect$$libinit$$0000001B)
    __rt_lib_init_clock_1                    0x08000215   Thumb Code     0  libinit2.o(.ARM.Collect$$libinit$$00000021)
    __rt_lib_init_cpp_1                      0x08000215   Thumb Code     0  libinit2.o(.ARM.Collect$$libinit$$00000032)
    __rt_lib_init_exceptions_1               0x08000215   Thumb Code     0  libinit2.o(.ARM.Collect$$libinit$$00000030)
    __rt_lib_init_fp_trap_1                  0x08000215   Thumb Code     0  libinit2.o(.ARM.Collect$$libinit$$0000001F)
    __rt_lib_init_getenv_1                   0x08000215   Thumb Code     0  libinit2.o(.ARM.Collect$$libinit$$00000023)
    __rt_lib_init_lc_ctype_1                 0x08000215   Thumb Code     0  libinit2.o(.ARM.Collect$$libinit$$00000013)
    __rt_lib_init_lc_monetary_1              0x08000215   Thumb Code     0  libinit2.o(.ARM.Collect$$libinit$$00000015)
    __rt_lib_init_lc_numeric_1               0x08000215   Thumb Code     0  libinit2.o(.ARM.Collect$$libinit$$00000017)
    __rt_lib_init_lc_time_1                  0x08000215   Thumb Code     0  libinit2.o(.ARM.Collect$$libinit$$00000019)
    __rt_lib_init_return                     0x08000215   Thumb Code     0  libinit2.o(.ARM.Collect$$libinit$$00000033)
    __rt_lib_init_signal_1                   0x08000215   Thumb Code     0  libinit2.o(.ARM.Collect$$libinit$$0000001D)
    __rt_lib_init_stdio_1                    0x08000215   Thumb Code     0  libinit2.o(.ARM.Collect$$libinit$$00000025)
    __rt_lib_shutdown                        0x08000217   Thumb Code     0  libshutdown.o(.ARM.Collect$$libshutdown$$00000000)
    __rt_lib_shutdown_cpp_1                  0x08000219   Thumb Code     0  libshutdown2.o(.ARM.Collect$$libshutdown$$00000004)
    __rt_lib_shutdown_fini_1                 0x08000219   Thumb Code     0  libshutdown2.o(.ARM.Collect$$libshutdown$$00000002)
    __rt_lib_shutdown_fp_trap_1              0x08000219   Thumb Code     0  libshutdown2.o(.ARM.Collect$$libshutdown$$00000009)
    __rt_lib_shutdown_heap_1                 0x08000219   Thumb Code     0  libshutdown2.o(.ARM.Collect$$libshutdown$$00000011)
    __rt_lib_shutdown_return                 0x08000219   Thumb Code     0  libshutdown2.o(.ARM.Collect$$libshutdown$$00000012)
    __rt_lib_shutdown_signal_1               0x08000219   Thumb Code     0  libshutdown2.o(.ARM.Collect$$libshutdown$$0000000C)
    __rt_lib_shutdown_stdio_1                0x08000219   Thumb Code     0  libshutdown2.o(.ARM.Collect$$libshutdown$$00000006)
    __rt_lib_shutdown_user_alloc_1           0x08000219   Thumb Code     0  libshutdown2.o(.ARM.Collect$$libshutdown$$0000000E)
    __rt_entry                               0x0800021b   Thumb Code     0  __rtentry.o(.ARM.Collect$$rtentry$$00000000)
    __rt_entry_presh_1                       0x0800021b   Thumb Code     0  __rtentry2.o(.ARM.Collect$$rtentry$$00000002)
    __rt_entry_sh                            0x0800021b   Thumb Code     0  __rtentry4.o(.ARM.Collect$$rtentry$$00000004)
    __rt_entry_li                            0x08000221   Thumb Code     0  __rtentry2.o(.ARM.Collect$$rtentry$$0000000A)
    __rt_entry_postsh_1                      0x08000221   Thumb Code     0  __rtentry2.o(.ARM.Collect$$rtentry$$00000009)
    __rt_entry_main                          0x08000225   Thumb Code     0  __rtentry2.o(.ARM.Collect$$rtentry$$0000000D)
    __rt_entry_postli_1                      0x08000225   Thumb Code     0  __rtentry2.o(.ARM.Collect$$rtentry$$0000000C)
    __rt_exit                                0x0800022d   Thumb Code     0  rtexit.o(.ARM.Collect$$rtexit$$00000000)
    __rt_exit_ls                             0x0800022f   Thumb Code     0  rtexit2.o(.ARM.Collect$$rtexit$$00000003)
    __rt_exit_prels_1                        0x0800022f   Thumb Code     0  rtexit2.o(.ARM.Collect$$rtexit$$00000002)
    __rt_exit_exit                           0x08000233   Thumb Code     0  rtexit2.o(.ARM.Collect$$rtexit$$00000004)
    Reset_Handler                            0x08000239   Thumb Code     8  startup_stm32f40_41xxx.o(.text)
    ADC_IRQHandler                           0x08000253   Thumb Code     0  startup_stm32f40_41xxx.o(.text)
    CAN1_RX0_IRQHandler                      0x08000253   Thumb Code     0  startup_stm32f40_41xxx.o(.text)
    CAN1_RX1_IRQHandler                      0x08000253   Thumb Code     0  startup_stm32f40_41xxx.o(.text)
    CAN1_SCE_IRQHandler                      0x08000253   Thumb Code     0  startup_stm32f40_41xxx.o(.text)
    CAN1_TX_IRQHandler                       0x08000253   Thumb Code     0  startup_stm32f40_41xxx.o(.text)
    CAN2_RX0_IRQHandler                      0x08000253   Thumb Code     0  startup_stm32f40_41xxx.o(.text)
    CAN2_RX1_IRQHandler                      0x08000253   Thumb Code     0  startup_stm32f40_41xxx.o(.text)
    CAN2_SCE_IRQHandler                      0x08000253   Thumb Code     0  startup_stm32f40_41xxx.o(.text)
    CAN2_TX_IRQHandler                       0x08000253   Thumb Code     0  startup_stm32f40_41xxx.o(.text)
    CRYP_IRQHandler                          0x08000253   Thumb Code     0  startup_stm32f40_41xxx.o(.text)
    DCMI_IRQHandler                          0x08000253   Thumb Code     0  startup_stm32f40_41xxx.o(.text)
    DMA1_Stream0_IRQHandler                  0x08000253   Thumb Code     0  startup_stm32f40_41xxx.o(.text)
    DMA1_Stream1_IRQHandler                  0x08000253   Thumb Code     0  startup_stm32f40_41xxx.o(.text)
    DMA1_Stream2_IRQHandler                  0x08000253   Thumb Code     0  startup_stm32f40_41xxx.o(.text)
    DMA1_Stream3_IRQHandler                  0x08000253   Thumb Code     0  startup_stm32f40_41xxx.o(.text)
    DMA1_Stream4_IRQHandler                  0x08000253   Thumb Code     0  startup_stm32f40_41xxx.o(.text)
    DMA1_Stream5_IRQHandler                  0x08000253   Thumb Code     0  startup_stm32f40_41xxx.o(.text)
    DMA1_Stream6_IRQHandler                  0x08000253   Thumb Code     0  startup_stm32f40_41xxx.o(.text)
    DMA1_Stream7_IRQHandler                  0x08000253   Thumb Code     0  startup_stm32f40_41xxx.o(.text)
    DMA2_Stream0_IRQHandler                  0x08000253   Thumb Code     0  startup_stm32f40_41xxx.o(.text)
    DMA2_Stream1_IRQHandler                  0x08000253   Thumb Code     0  startup_stm32f40_41xxx.o(.text)
    DMA2_Stream2_IRQHandler                  0x08000253   Thumb Code     0  startup_stm32f40_41xxx.o(.text)
    DMA2_Stream3_IRQHandler                  0x08000253   Thumb Code     0  startup_stm32f40_41xxx.o(.text)
    DMA2_Stream4_IRQHandler                  0x08000253   Thumb Code     0  startup_stm32f40_41xxx.o(.text)
    DMA2_Stream5_IRQHandler                  0x08000253   Thumb Code     0  startup_stm32f40_41xxx.o(.text)
    DMA2_Stream6_IRQHandler                  0x08000253   Thumb Code     0  startup_stm32f40_41xxx.o(.text)
    DMA2_Stream7_IRQHandler                  0x08000253   Thumb Code     0  startup_stm32f40_41xxx.o(.text)
    ETH_IRQHandler                           0x08000253   Thumb Code     0  startup_stm32f40_41xxx.o(.text)
    ETH_WKUP_IRQHandler                      0x08000253   Thumb Code     0  startup_stm32f40_41xxx.o(.text)
    EXTI0_IRQHandler                         0x08000253   Thumb Code     0  startup_stm32f40_41xxx.o(.text)
    EXTI15_10_IRQHandler                     0x08000253   Thumb Code     0  startup_stm32f40_41xxx.o(.text)
    EXTI1_IRQHandler                         0x08000253   Thumb Code     0  startup_stm32f40_41xxx.o(.text)
    EXTI2_IRQHandler                         0x08000253   Thumb Code     0  startup_stm32f40_41xxx.o(.text)
    EXTI3_IRQHandler                         0x08000253   Thumb Code     0  startup_stm32f40_41xxx.o(.text)
    EXTI4_IRQHandler                         0x08000253   Thumb Code     0  startup_stm32f40_41xxx.o(.text)
    EXTI9_5_IRQHandler                       0x08000253   Thumb Code     0  startup_stm32f40_41xxx.o(.text)
    FLASH_IRQHandler                         0x08000253   Thumb Code     0  startup_stm32f40_41xxx.o(.text)
    FPU_IRQHandler                           0x08000253   Thumb Code     0  startup_stm32f40_41xxx.o(.text)
    FSMC_IRQHandler                          0x08000253   Thumb Code     0  startup_stm32f40_41xxx.o(.text)
    HASH_RNG_IRQHandler                      0x08000253   Thumb Code     0  startup_stm32f40_41xxx.o(.text)
    I2C1_ER_IRQHandler                       0x08000253   Thumb Code     0  startup_stm32f40_41xxx.o(.text)
    I2C1_EV_IRQHandler                       0x08000253   Thumb Code     0  startup_stm32f40_41xxx.o(.text)
    I2C2_ER_IRQHandler                       0x08000253   Thumb Code     0  startup_stm32f40_41xxx.o(.text)
    I2C2_EV_IRQHandler                       0x08000253   Thumb Code     0  startup_stm32f40_41xxx.o(.text)
    I2C3_ER_IRQHandler                       0x08000253   Thumb Code     0  startup_stm32f40_41xxx.o(.text)
    I2C3_EV_IRQHandler                       0x08000253   Thumb Code     0  startup_stm32f40_41xxx.o(.text)
    OTG_FS_IRQHandler                        0x08000253   Thumb Code     0  startup_stm32f40_41xxx.o(.text)
    OTG_FS_WKUP_IRQHandler                   0x08000253   Thumb Code     0  startup_stm32f40_41xxx.o(.text)
    OTG_HS_EP1_IN_IRQHandler                 0x08000253   Thumb Code     0  startup_stm32f40_41xxx.o(.text)
    OTG_HS_EP1_OUT_IRQHandler                0x08000253   Thumb Code     0  startup_stm32f40_41xxx.o(.text)
    OTG_HS_IRQHandler                        0x08000253   Thumb Code     0  startup_stm32f40_41xxx.o(.text)
    OTG_HS_WKUP_IRQHandler                   0x08000253   Thumb Code     0  startup_stm32f40_41xxx.o(.text)
    PVD_IRQHandler                           0x08000253   Thumb Code     0  startup_stm32f40_41xxx.o(.text)
    RCC_IRQHandler                           0x08000253   Thumb Code     0  startup_stm32f40_41xxx.o(.text)
    RTC_Alarm_IRQHandler                     0x08000253   Thumb Code     0  startup_stm32f40_41xxx.o(.text)
    RTC_WKUP_IRQHandler                      0x08000253   Thumb Code     0  startup_stm32f40_41xxx.o(.text)
    SDIO_IRQHandler                          0x08000253   Thumb Code     0  startup_stm32f40_41xxx.o(.text)
    SPI1_IRQHandler                          0x08000253   Thumb Code     0  startup_stm32f40_41xxx.o(.text)
    SPI2_IRQHandler                          0x08000253   Thumb Code     0  startup_stm32f40_41xxx.o(.text)
    SPI3_IRQHandler                          0x08000253   Thumb Code     0  startup_stm32f40_41xxx.o(.text)
    TAMP_STAMP_IRQHandler                    0x08000253   Thumb Code     0  startup_stm32f40_41xxx.o(.text)
    TIM1_BRK_TIM9_IRQHandler                 0x08000253   Thumb Code     0  startup_stm32f40_41xxx.o(.text)
    TIM1_CC_IRQHandler                       0x08000253   Thumb Code     0  startup_stm32f40_41xxx.o(.text)
    TIM1_TRG_COM_TIM11_IRQHandler            0x08000253   Thumb Code     0  startup_stm32f40_41xxx.o(.text)
    TIM1_UP_TIM10_IRQHandler                 0x08000253   Thumb Code     0  startup_stm32f40_41xxx.o(.text)
    TIM2_IRQHandler                          0x08000253   Thumb Code     0  startup_stm32f40_41xxx.o(.text)
    TIM3_IRQHandler                          0x08000253   Thumb Code     0  startup_stm32f40_41xxx.o(.text)
    TIM4_IRQHandler                          0x08000253   Thumb Code     0  startup_stm32f40_41xxx.o(.text)
    TIM5_IRQHandler                          0x08000253   Thumb Code     0  startup_stm32f40_41xxx.o(.text)
    TIM6_DAC_IRQHandler                      0x08000253   Thumb Code     0  startup_stm32f40_41xxx.o(.text)
    TIM7_IRQHandler                          0x08000253   Thumb Code     0  startup_stm32f40_41xxx.o(.text)
    TIM8_BRK_TIM12_IRQHandler                0x08000253   Thumb Code     0  startup_stm32f40_41xxx.o(.text)
    TIM8_CC_IRQHandler                       0x08000253   Thumb Code     0  startup_stm32f40_41xxx.o(.text)
    TIM8_TRG_COM_TIM14_IRQHandler            0x08000253   Thumb Code     0  startup_stm32f40_41xxx.o(.text)
    TIM8_UP_TIM13_IRQHandler                 0x08000253   Thumb Code     0  startup_stm32f40_41xxx.o(.text)
    UART4_IRQHandler                         0x08000253   Thumb Code     0  startup_stm32f40_41xxx.o(.text)
    UART5_IRQHandler                         0x08000253   Thumb Code     0  startup_stm32f40_41xxx.o(.text)
    USART1_IRQHandler                        0x08000253   Thumb Code     0  startup_stm32f40_41xxx.o(.text)
    USART2_IRQHandler                        0x08000253   Thumb Code     0  startup_stm32f40_41xxx.o(.text)
    USART6_IRQHandler                        0x08000253   Thumb Code     0  startup_stm32f40_41xxx.o(.text)
    WWDG_IRQHandler                          0x08000253   Thumb Code     0  startup_stm32f40_41xxx.o(.text)
    __user_initial_stackheap                 0x08000255   Thumb Code     0  startup_stm32f40_41xxx.o(.text)
    atoi                                     0x08000279   Thumb Code    26  atoi.o(.text)
    __use_two_region_memory                  0x08000293   Thumb Code     2  heapauxi.o(.text)
    __rt_heap_escrow$2region                 0x08000295   Thumb Code     2  heapauxi.o(.text)
    __rt_heap_expand$2region                 0x08000297   Thumb Code     2  heapauxi.o(.text)
    __aeabi_errno_addr                       0x08000299   Thumb Code     8  rt_errno_addr_intlibspace.o(.text)
    __errno$intlibspace                      0x08000299   Thumb Code     0  rt_errno_addr_intlibspace.o(.text)
    __rt_errno_addr$intlibspace              0x08000299   Thumb Code     0  rt_errno_addr_intlibspace.o(.text)
    strtol                                   0x080002a1   Thumb Code   112  strtol.o(.text)
    __user_libspace                          0x08000311   Thumb Code     8  libspace.o(.text)
    __user_perproc_libspace                  0x08000311   Thumb Code     0  libspace.o(.text)
    __user_perthread_libspace                0x08000311   Thumb Code     0  libspace.o(.text)
    __rt_ctype_table                         0x08000319   Thumb Code    16  rt_ctype_table.o(.text)
    _strtoul                                 0x08000329   Thumb Code   158  _strtoul.o(.text)
    __user_setup_stackheap                   0x080003c7   Thumb Code    74  sys_stackheap_outer.o(.text)
    __rt_locale                              0x08000411   Thumb Code     8  rt_locale_intlibspace.o(.text)
    _chval                                   0x08000419   Thumb Code    28  _chval.o(.text)
    exit                                     0x08000435   Thumb Code    18  exit.o(.text)
    strcmp                                   0x08000449   Thumb Code   128  strcmpv7m.o(.text)
    ActionCallBack                           0x080004c9   Thumb Code    14  frame.o(i.ActionCallBack)
    Blue_Serial_Init                         0x080004dd   Thumb Code   178  blueserial.o(i.Blue_Serial_Init)
    BluetoochMode                            0x08000599   Thumb Code    32  frame.o(i.BluetoochMode)
    BusFault_Handler                         0x080005c1   Thumb Code     4  stm32f4xx_it.o(i.BusFault_Handler)
    CtrlEntry                                0x080005c5   Thumb Code     8  frame.o(i.CtrlEntry)
    DebugMon_Handler                         0x080005cd   Thumb Code     2  stm32f4xx_it.o(i.DebugMon_Handler)
    Delay_Init                               0x080005d1   Thumb Code   120  delay.o(i.Delay_Init)
    Delay_Ms                                 0x08000659   Thumb Code    78  delay.o(i.Delay_Ms)
    FrameEntry                               0x080006ad   Thumb Code    32  frame.o(i.FrameEntry)
    GPIO_Init                                0x080006dd   Thumb Code   144  stm32f4xx_gpio.o(i.GPIO_Init)
    GPIO_PinAFConfig                         0x0800076d   Thumb Code    70  stm32f4xx_gpio.o(i.GPIO_PinAFConfig)
    GPIO_StructInit                          0x080007b3   Thumb Code    18  stm32f4xx_gpio.o(i.GPIO_StructInit)
    GPIO_WriteBit                            0x080007c5   Thumb Code    12  stm32f4xx_gpio.o(i.GPIO_WriteBit)
    HardFault_Handler                        0x080007d1   Thumb Code     4  stm32f4xx_it.o(i.HardFault_Handler)
    HexapodRobot_Init                        0x080007d5   Thumb Code    44  frame.o(i.HexapodRobot_Init)
    MemManage_Handler                        0x08000809   Thumb Code     4  stm32f4xx_it.o(i.MemManage_Handler)
    MoveServo                                0x0800080d   Thumb Code    72  robotservocontroller.o(i.MoveServo)
    Move_Advance                             0x08000859   Thumb Code    26  action.o(i.Move_Advance)
    Move_Left_Turn                           0x08000885   Thumb Code    26  action.o(i.Move_Left_Turn)
    Move_Logic                               0x080008b1   Thumb Code   212  action.o(i.Move_Logic)
    Move_Retreat                             0x080009a9   Thumb Code    26  action.o(i.Move_Retreat)
    Move_Right_Turn                          0x080009d5   Thumb Code    26  action.o(i.Move_Right_Turn)
    Move_Rotation                            0x08000a01   Thumb Code   120  action.o(i.Move_Rotation)
    Move_Stop                                0x08000a85   Thumb Code    14  action.o(i.Move_Stop)
    NMI_Handler                              0x08000a93   Thumb Code     2  stm32f4xx_it.o(i.NMI_Handler)
    NVIC_Init                                0x08000a95   Thumb Code   106  misc.o(i.NVIC_Init)
    OLED_Clear                               0x08000b0d   Thumb Code    42  oled.o(i.OLED_Clear)
    OLED_I2C_Init                            0x08000b39   Thumb Code    70  oled.o(i.OLED_I2C_Init)
    OLED_I2C_SendByte                        0x08000b85   Thumb Code    80  oled.o(i.OLED_I2C_SendByte)
    OLED_I2C_Start                           0x08000bd9   Thumb Code    48  oled.o(i.OLED_I2C_Start)
    OLED_I2C_Stop                            0x08000c0d   Thumb Code    36  oled.o(i.OLED_I2C_Stop)
    OLED_Init                                0x08000c35   Thumb Code   174  oled.o(i.OLED_Init)
    OLED_SetCursor                           0x08000ce3   Thumb Code    34  oled.o(i.OLED_SetCursor)
    OLED_ShowChar                            0x08000d05   Thumb Code   110  oled.o(i.OLED_ShowChar)
    OLED_ShowString                          0x08000d79   Thumb Code    40  oled.o(i.OLED_ShowString)
    OLED_WriteCommand                        0x08000da1   Thumb Code    32  oled.o(i.OLED_WriteCommand)
    OLED_WriteData                           0x08000dc1   Thumb Code    32  oled.o(i.OLED_WriteData)
    PendSV_Handler                           0x08000de1   Thumb Code     2  stm32f4xx_it.o(i.PendSV_Handler)
    RCC_AHB1PeriphClockCmd                   0x08000de5   Thumb Code    26  stm32f4xx_rcc.o(i.RCC_AHB1PeriphClockCmd)
    RCC_APB1PeriphClockCmd                   0x08000e05   Thumb Code    26  stm32f4xx_rcc.o(i.RCC_APB1PeriphClockCmd)
    RCC_APB1PeriphResetCmd                   0x08000e25   Thumb Code    26  stm32f4xx_rcc.o(i.RCC_APB1PeriphResetCmd)
    RCC_APB2PeriphClockCmd                   0x08000e45   Thumb Code    26  stm32f4xx_rcc.o(i.RCC_APB2PeriphClockCmd)
    RCC_APB2PeriphResetCmd                   0x08000e65   Thumb Code    26  stm32f4xx_rcc.o(i.RCC_APB2PeriphResetCmd)
    RCC_GetClocksFreq                        0x08000e85   Thumb Code   214  stm32f4xx_rcc.o(i.RCC_GetClocksFreq)
    Robot_Action                             0x08000f6d   Thumb Code    36  action.o(i.Robot_Action)
    Robot_SendArray                          0x08000f99   Thumb Code    26  serial.o(i.Robot_SendArray)
    Robot_Send_Byte                          0x08000fb5   Thumb Code    28  serial.o(i.Robot_Send_Byte)
    Robot_Serial_Init                        0x08000fd5   Thumb Code   240  serial.o(i.Robot_Serial_Init)
    SVC_Handler                              0x080010cd   Thumb Code     2  stm32f4xx_it.o(i.SVC_Handler)
    Set_Posture_High                         0x080011bd   Thumb Code   124  action.o(i.Set_Posture_High)
    Set_Posture_Low                          0x08001245   Thumb Code    40  action.o(i.Set_Posture_Low)
    Set_Posture_Midium                       0x08001279   Thumb Code   124  action.o(i.Set_Posture_Midium)
    Set_Speed_High                           0x08001301   Thumb Code     8  action.o(i.Set_Speed_High)
    Set_Speed_Low                            0x0800130d   Thumb Code    10  action.o(i.Set_Speed_Low)
    Set_Speed_Midium                         0x0800131d   Thumb Code     8  action.o(i.Set_Speed_Midium)
    SysTick_Handler                          0x08001329   Thumb Code     2  stm32f4xx_it.o(i.SysTick_Handler)
    SystemInit                               0x0800132d   Thumb Code    88  system_stm32f4xx.o(i.SystemInit)
    USART3_IRQHandler                        0x08001395   Thumb Code   114  blueserial.o(i.USART3_IRQHandler)
    USART_ClearFlag                          0x0800141d   Thumb Code    18  stm32f4xx_usart.o(i.USART_ClearFlag)
    USART_ClearITPendingBit                  0x0800142f   Thumb Code    30  stm32f4xx_usart.o(i.USART_ClearITPendingBit)
    USART_Cmd                                0x0800144d   Thumb Code    24  stm32f4xx_usart.o(i.USART_Cmd)
    USART_DeInit                             0x08001465   Thumb Code   206  stm32f4xx_usart.o(i.USART_DeInit)
    USART_GetFlagStatus                      0x08001555   Thumb Code    26  stm32f4xx_usart.o(i.USART_GetFlagStatus)
    USART_GetITStatus                        0x0800156f   Thumb Code    84  stm32f4xx_usart.o(i.USART_GetITStatus)
    USART_ITConfig                           0x080015c3   Thumb Code    74  stm32f4xx_usart.o(i.USART_ITConfig)
    USART_Init                               0x0800160d   Thumb Code   204  stm32f4xx_usart.o(i.USART_Init)
    USART_ReceiveData                        0x080016e1   Thumb Code    10  stm32f4xx_usart.o(i.USART_ReceiveData)
    USART_SendData                           0x080016eb   Thumb Code     8  stm32f4xx_usart.o(i.USART_SendData)
    USART_StructInit                         0x080016f3   Thumb Code    24  stm32f4xx_usart.o(i.USART_StructInit)
    UsageFault_Handler                       0x0800170b   Thumb Code     4  stm32f4xx_it.o(i.UsageFault_Handler)
    _Move_Robot                              0x0800170f   Thumb Code    56  action.o(i._Move_Robot)
    _sys_exit                                0x08001747   Thumb Code     4  serial.o(i._sys_exit)
    main                                     0x0800174b   Thumb Code     8  main.o(i.main)
    _get_lc_ctype                            0x08001755   Thumb Code    44  lc_ctype_c.o(locale$$code)
    _fp_init                                 0x08001781   Thumb Code    10  fpinit.o(x$fpl$fpinit)
    __fplib_config_fpu_vfp                   0x08001789   Thumb Code     0  fpinit.o(x$fpl$fpinit)
    __fplib_config_pureend_doubles           0x08001789   Thumb Code     0  fpinit.o(x$fpl$fpinit)
    OLED_F8x16                               0x0800178a   Data        1520  oled.o(.constdata)
    Region$$Table$$Base                      0x08001d7c   Number         0  anon$$obj.o(Region$$Table)
    Region$$Table$$Limit                     0x08001d9c   Number         0  anon$$obj.o(Region$$Table)
    __ctype                                  0x08001da9   Data           0  lc_ctype_c.o(locale$$data)
    SPEED                                    0x20000010   Data           2  action.o(.data)
    Robot_Posture                            0x20000014   Data           4  action.o(.data)
    Robot_Low_Start                          0x20000018   Data          36  action.o(.data)
    RobotjointArray                          0x2000003c   Data           6  action.o(.data)
    Rotation_Param                           0x20000042   Data          12  action.o(.data)
    LeftJoint_Module                         0x2000004e   Data           3  action.o(.data)
    LeftLeg_Module                           0x20000051   Data           3  action.o(.data)
    RightJoint_Module                        0x20000054   Data           3  action.o(.data)
    RightLeg_Module                          0x20000057   Data           3  action.o(.data)
    Universal_Param                          0x2000005a   Data           6  action.o(.data)
    LeftLegUP_Param                          0x20000060   Data           6  action.o(.data)
    RightLeg_UP_Param                        0x20000066   Data           6  action.o(.data)
    AdvanceLeftJointfront_Param              0x2000006c   Data           6  action.o(.data)
    AdvanceLeftJointrear_Param               0x20000072   Data           6  action.o(.data)
    AdvanceRightJointfront_Param             0x20000078   Data           6  action.o(.data)
    AdvanceRightJointrear_Param              0x2000007e   Data           6  action.o(.data)
    RetreatLeftJointfront_Param              0x20000084   Data           6  action.o(.data)
    RetreatLeftJointrear_Param               0x2000008a   Data           6  action.o(.data)
    RetreatRightJointfront_Param             0x20000090   Data           6  action.o(.data)
    RetreatRightJointrear_Param              0x20000096   Data           6  action.o(.data)
    TurnLeftJointfront_Param                 0x2000009c   Data           6  action.o(.data)
    TurnLeftJointrear_Param                  0x200000a2   Data           6  action.o(.data)
    TurnRightJointfront_Param                0x200000a8   Data           6  action.o(.data)
    TurnRightJointrear_Param                 0x200000ae   Data           6  action.o(.data)
    per_us                                   0x200000b4   Data           1  delay.o(.data)
    per_ms                                   0x200000b8   Data           4  delay.o(.data)
    Serial_RxFlag                            0x200000bc   Data           1  blueserial.o(.data)
    SelectAction                             0x200000c0   Data           1  frame.o(.data)
    CtrlMode                                 0x200000c1   Data           1  frame.o(.data)
    actionenum                               0x200000c4   Data          48  frame.o(.data)
    Robot_Posture_Begin                      0x200000f4   Data          36  action.o(.bss)
    RobotTxBuf                               0x20000118   Data         128  robotservocontroller.o(.bss)
    Serial_RxPacket                          0x20000198   Data         100  blueserial.o(.bss)
    __libspace_start                         0x200001fc   Data          96  libspace.o(.bss)
    __temporary_stack_top$libspace           0x2000025c   Data           0  libspace.o(.bss)



==============================================================================

Memory Map of the image

  Image Entry point : 0x08000189

  Load Region LR_IROM1 (Base: 0x08000000, Size: 0x00001fa0, Max: 0x00100000, ABSOLUTE)

    Execution Region ER_IROM1 (Exec base: 0x08000000, Load base: 0x08000000, Size: 0x00001eac, Max: 0x00100000, ABSOLUTE)

    Exec Addr    Load Addr    Size         Type   Attr      Idx    E Section Name        Object

    0x08000000   0x08000000   0x00000188   Data   RO         5219    RESET               startup_stm32f40_41xxx.o
    0x08000188   0x08000188   0x00000008   Code   RO         6083  * !!!main             c_w.l(__main.o)
    0x08000190   0x08000190   0x00000034   Code   RO         6393    !!!scatter          c_w.l(__scatter.o)
    0x080001c4   0x080001c4   0x0000001a   Code   RO         6395    !!handler_copy      c_w.l(__scatter_copy.o)
    0x080001de   0x080001de   0x00000002   PAD
    0x080001e0   0x080001e0   0x0000001c   Code   RO         6397    !!handler_zi        c_w.l(__scatter_zi.o)
    0x080001fc   0x080001fc   0x00000002   Code   RO         6264    .ARM.Collect$$libinit$$00000000  c_w.l(libinit.o)
    0x080001fe   0x080001fe   0x00000004   Code   RO         6269    .ARM.Collect$$libinit$$00000001  c_w.l(libinit2.o)
    0x08000202   0x08000202   0x00000000   Code   RO         6272    .ARM.Collect$$libinit$$00000004  c_w.l(libinit2.o)
    0x08000202   0x08000202   0x00000000   Code   RO         6275    .ARM.Collect$$libinit$$0000000A  c_w.l(libinit2.o)
    0x08000202   0x08000202   0x00000000   Code   RO         6277    .ARM.Collect$$libinit$$0000000C  c_w.l(libinit2.o)
    0x08000202   0x08000202   0x00000000   Code   RO         6279    .ARM.Collect$$libinit$$0000000E  c_w.l(libinit2.o)
    0x08000202   0x08000202   0x00000006   Code   RO         6280    .ARM.Collect$$libinit$$0000000F  c_w.l(libinit2.o)
    0x08000208   0x08000208   0x00000000   Code   RO         6282    .ARM.Collect$$libinit$$00000011  c_w.l(libinit2.o)
    0x08000208   0x08000208   0x0000000c   Code   RO         6283    .ARM.Collect$$libinit$$00000012  c_w.l(libinit2.o)
    0x08000214   0x08000214   0x00000000   Code   RO         6284    .ARM.Collect$$libinit$$00000013  c_w.l(libinit2.o)
    0x08000214   0x08000214   0x00000000   Code   RO         6286    .ARM.Collect$$libinit$$00000015  c_w.l(libinit2.o)
    0x08000214   0x08000214   0x00000000   Code   RO         6288    .ARM.Collect$$libinit$$00000017  c_w.l(libinit2.o)
    0x08000214   0x08000214   0x00000000   Code   RO         6290    .ARM.Collect$$libinit$$00000019  c_w.l(libinit2.o)
    0x08000214   0x08000214   0x00000000   Code   RO         6292    .ARM.Collect$$libinit$$0000001B  c_w.l(libinit2.o)
    0x08000214   0x08000214   0x00000000   Code   RO         6294    .ARM.Collect$$libinit$$0000001D  c_w.l(libinit2.o)
    0x08000214   0x08000214   0x00000000   Code   RO         6296    .ARM.Collect$$libinit$$0000001F  c_w.l(libinit2.o)
    0x08000214   0x08000214   0x00000000   Code   RO         6298    .ARM.Collect$$libinit$$00000021  c_w.l(libinit2.o)
    0x08000214   0x08000214   0x00000000   Code   RO         6300    .ARM.Collect$$libinit$$00000023  c_w.l(libinit2.o)
    0x08000214   0x08000214   0x00000000   Code   RO         6302    .ARM.Collect$$libinit$$00000025  c_w.l(libinit2.o)
    0x08000214   0x08000214   0x00000000   Code   RO         6306    .ARM.Collect$$libinit$$0000002C  c_w.l(libinit2.o)
    0x08000214   0x08000214   0x00000000   Code   RO         6308    .ARM.Collect$$libinit$$0000002E  c_w.l(libinit2.o)
    0x08000214   0x08000214   0x00000000   Code   RO         6310    .ARM.Collect$$libinit$$00000030  c_w.l(libinit2.o)
    0x08000214   0x08000214   0x00000000   Code   RO         6312    .ARM.Collect$$libinit$$00000032  c_w.l(libinit2.o)
    0x08000214   0x08000214   0x00000002   Code   RO         6313    .ARM.Collect$$libinit$$00000033  c_w.l(libinit2.o)
    0x08000216   0x08000216   0x00000002   Code   RO         6331    .ARM.Collect$$libshutdown$$00000000  c_w.l(libshutdown.o)
    0x08000218   0x08000218   0x00000000   Code   RO         6341    .ARM.Collect$$libshutdown$$00000002  c_w.l(libshutdown2.o)
    0x08000218   0x08000218   0x00000000   Code   RO         6343    .ARM.Collect$$libshutdown$$00000004  c_w.l(libshutdown2.o)
    0x08000218   0x08000218   0x00000000   Code   RO         6345    .ARM.Collect$$libshutdown$$00000006  c_w.l(libshutdown2.o)
    0x08000218   0x08000218   0x00000000   Code   RO         6348    .ARM.Collect$$libshutdown$$00000009  c_w.l(libshutdown2.o)
    0x08000218   0x08000218   0x00000000   Code   RO         6351    .ARM.Collect$$libshutdown$$0000000C  c_w.l(libshutdown2.o)
    0x08000218   0x08000218   0x00000000   Code   RO         6353    .ARM.Collect$$libshutdown$$0000000E  c_w.l(libshutdown2.o)
    0x08000218   0x08000218   0x00000000   Code   RO         6356    .ARM.Collect$$libshutdown$$00000011  c_w.l(libshutdown2.o)
    0x08000218   0x08000218   0x00000002   Code   RO         6357    .ARM.Collect$$libshutdown$$00000012  c_w.l(libshutdown2.o)
    0x0800021a   0x0800021a   0x00000000   Code   RO         6183    .ARM.Collect$$rtentry$$00000000  c_w.l(__rtentry.o)
    0x0800021a   0x0800021a   0x00000000   Code   RO         6227    .ARM.Collect$$rtentry$$00000002  c_w.l(__rtentry2.o)
    0x0800021a   0x0800021a   0x00000006   Code   RO         6239    .ARM.Collect$$rtentry$$00000004  c_w.l(__rtentry4.o)
    0x08000220   0x08000220   0x00000000   Code   RO         6229    .ARM.Collect$$rtentry$$00000009  c_w.l(__rtentry2.o)
    0x08000220   0x08000220   0x00000004   Code   RO         6230    .ARM.Collect$$rtentry$$0000000A  c_w.l(__rtentry2.o)
    0x08000224   0x08000224   0x00000000   Code   RO         6232    .ARM.Collect$$rtentry$$0000000C  c_w.l(__rtentry2.o)
    0x08000224   0x08000224   0x00000008   Code   RO         6233    .ARM.Collect$$rtentry$$0000000D  c_w.l(__rtentry2.o)
    0x0800022c   0x0800022c   0x00000002   Code   RO         6265    .ARM.Collect$$rtexit$$00000000  c_w.l(rtexit.o)
    0x0800022e   0x0800022e   0x00000000   Code   RO         6315    .ARM.Collect$$rtexit$$00000002  c_w.l(rtexit2.o)
    0x0800022e   0x0800022e   0x00000004   Code   RO         6316    .ARM.Collect$$rtexit$$00000003  c_w.l(rtexit2.o)
    0x08000232   0x08000232   0x00000006   Code   RO         6317    .ARM.Collect$$rtexit$$00000004  c_w.l(rtexit2.o)
    0x08000238   0x08000238   0x00000040   Code   RO         5220    .text               startup_stm32f40_41xxx.o
    0x08000278   0x08000278   0x0000001a   Code   RO         6079    .text               c_w.l(atoi.o)
    0x08000292   0x08000292   0x00000006   Code   RO         6081    .text               c_w.l(heapauxi.o)
    0x08000298   0x08000298   0x00000008   Code   RO         6187    .text               c_w.l(rt_errno_addr_intlibspace.o)
    0x080002a0   0x080002a0   0x00000070   Code   RO         6191    .text               c_w.l(strtol.o)
    0x08000310   0x08000310   0x00000008   Code   RO         6223    .text               c_w.l(libspace.o)
    0x08000318   0x08000318   0x00000010   Code   RO         6241    .text               c_w.l(rt_ctype_table.o)
    0x08000328   0x08000328   0x0000009e   Code   RO         6243    .text               c_w.l(_strtoul.o)
    0x080003c6   0x080003c6   0x0000004a   Code   RO         6245    .text               c_w.l(sys_stackheap_outer.o)
    0x08000410   0x08000410   0x00000008   Code   RO         6250    .text               c_w.l(rt_locale_intlibspace.o)
    0x08000418   0x08000418   0x0000001c   Code   RO         6252    .text               c_w.l(_chval.o)
    0x08000434   0x08000434   0x00000012   Code   RO         6257    .text               c_w.l(exit.o)
    0x08000446   0x08000446   0x00000002   PAD
    0x08000448   0x08000448   0x00000080   Code   RO         6267    .text               c_w.l(strcmpv7m.o)
    0x080004c8   0x080004c8   0x00000014   Code   RO         5740    i.ActionCallBack    frame.o
    0x080004dc   0x080004dc   0x000000bc   Code   RO         5656    i.Blue_Serial_Init  blueserial.o
    0x08000598   0x08000598   0x00000028   Code   RO         5741    i.BluetoochMode     frame.o
    0x080005c0   0x080005c0   0x00000004   Code   RO         5113    i.BusFault_Handler  stm32f4xx_it.o
    0x080005c4   0x080005c4   0x00000008   Code   RO         5742    i.CtrlEntry         frame.o
    0x080005cc   0x080005cc   0x00000002   Code   RO         5114    i.DebugMon_Handler  stm32f4xx_it.o
    0x080005ce   0x080005ce   0x00000002   PAD
    0x080005d0   0x080005d0   0x00000088   Code   RO         5370    i.Delay_Init        delay.o
    0x08000658   0x08000658   0x00000054   Code   RO         5371    i.Delay_Ms          delay.o
    0x080006ac   0x080006ac   0x00000030   Code   RO         5743    i.FrameEntry        frame.o
    0x080006dc   0x080006dc   0x00000090   Code   RO         1986    i.GPIO_Init         stm32f4xx_gpio.o
    0x0800076c   0x0800076c   0x00000046   Code   RO         1987    i.GPIO_PinAFConfig  stm32f4xx_gpio.o
    0x080007b2   0x080007b2   0x00000012   Code   RO         1995    i.GPIO_StructInit   stm32f4xx_gpio.o
    0x080007c4   0x080007c4   0x0000000c   Code   RO         1998    i.GPIO_WriteBit     stm32f4xx_gpio.o
    0x080007d0   0x080007d0   0x00000004   Code   RO         5115    i.HardFault_Handler  stm32f4xx_it.o
    0x080007d4   0x080007d4   0x00000034   Code   RO         5744    i.HexapodRobot_Init  frame.o
    0x08000808   0x08000808   0x00000004   Code   RO         5116    i.MemManage_Handler  stm32f4xx_it.o
    0x0800080c   0x0800080c   0x0000004c   Code   RO         5550    i.MoveServo         robotservocontroller.o
    0x08000858   0x08000858   0x0000002c   Code   RO         5227    i.Move_Advance      action.o
    0x08000884   0x08000884   0x0000002c   Code   RO         5228    i.Move_Left_Turn    action.o
    0x080008b0   0x080008b0   0x000000f8   Code   RO         5229    i.Move_Logic        action.o
    0x080009a8   0x080009a8   0x0000002c   Code   RO         5230    i.Move_Retreat      action.o
    0x080009d4   0x080009d4   0x0000002c   Code   RO         5231    i.Move_Right_Turn   action.o
    0x08000a00   0x08000a00   0x00000084   Code   RO         5232    i.Move_Rotation     action.o
    0x08000a84   0x08000a84   0x0000000e   Code   RO         5235    i.Move_Stop         action.o
    0x08000a92   0x08000a92   0x00000002   Code   RO         5117    i.NMI_Handler       stm32f4xx_it.o
    0x08000a94   0x08000a94   0x00000078   Code   RO            4    i.NVIC_Init         misc.o
    0x08000b0c   0x08000b0c   0x0000002a   Code   RO         5419    i.OLED_Clear        oled.o
    0x08000b36   0x08000b36   0x00000002   PAD
    0x08000b38   0x08000b38   0x0000004c   Code   RO         5420    i.OLED_I2C_Init     oled.o
    0x08000b84   0x08000b84   0x00000054   Code   RO         5421    i.OLED_I2C_SendByte  oled.o
    0x08000bd8   0x08000bd8   0x00000034   Code   RO         5422    i.OLED_I2C_Start    oled.o
    0x08000c0c   0x08000c0c   0x00000028   Code   RO         5423    i.OLED_I2C_Stop     oled.o
    0x08000c34   0x08000c34   0x000000ae   Code   RO         5424    i.OLED_Init         oled.o
    0x08000ce2   0x08000ce2   0x00000022   Code   RO         5426    i.OLED_SetCursor    oled.o
    0x08000d04   0x08000d04   0x00000074   Code   RO         5428    i.OLED_ShowChar     oled.o
    0x08000d78   0x08000d78   0x00000028   Code   RO         5432    i.OLED_ShowString   oled.o
    0x08000da0   0x08000da0   0x00000020   Code   RO         5433    i.OLED_WriteCommand  oled.o
    0x08000dc0   0x08000dc0   0x00000020   Code   RO         5434    i.OLED_WriteData    oled.o
    0x08000de0   0x08000de0   0x00000002   Code   RO         5118    i.PendSV_Handler    stm32f4xx_it.o
    0x08000de2   0x08000de2   0x00000002   PAD
    0x08000de4   0x08000de4   0x00000020   Code   RO         2912    i.RCC_AHB1PeriphClockCmd  stm32f4xx_rcc.o
    0x08000e04   0x08000e04   0x00000020   Code   RO         2921    i.RCC_APB1PeriphClockCmd  stm32f4xx_rcc.o
    0x08000e24   0x08000e24   0x00000020   Code   RO         2923    i.RCC_APB1PeriphResetCmd  stm32f4xx_rcc.o
    0x08000e44   0x08000e44   0x00000020   Code   RO         2924    i.RCC_APB2PeriphClockCmd  stm32f4xx_rcc.o
    0x08000e64   0x08000e64   0x00000020   Code   RO         2926    i.RCC_APB2PeriphResetCmd  stm32f4xx_rcc.o
    0x08000e84   0x08000e84   0x000000e8   Code   RO         2933    i.RCC_GetClocksFreq  stm32f4xx_rcc.o
    0x08000f6c   0x08000f6c   0x0000002c   Code   RO         5236    i.Robot_Action      action.o
    0x08000f98   0x08000f98   0x0000001a   Code   RO         5592    i.Robot_SendArray   serial.o
    0x08000fb2   0x08000fb2   0x00000002   PAD
    0x08000fb4   0x08000fb4   0x00000020   Code   RO         5593    i.Robot_Send_Byte   serial.o
    0x08000fd4   0x08000fd4   0x000000f8   Code   RO         5595    i.Robot_Serial_Init  serial.o
    0x080010cc   0x080010cc   0x00000002   Code   RO         5119    i.SVC_Handler       stm32f4xx_it.o
    0x080010ce   0x080010ce   0x00000002   PAD
    0x080010d0   0x080010d0   0x000000ec   Code   RO         5179    i.SetSysClock       system_stm32f4xx.o
    0x080011bc   0x080011bc   0x00000088   Code   RO         5237    i.Set_Posture_High  action.o
    0x08001244   0x08001244   0x00000034   Code   RO         5238    i.Set_Posture_Low   action.o
    0x08001278   0x08001278   0x00000088   Code   RO         5239    i.Set_Posture_Midium  action.o
    0x08001300   0x08001300   0x0000000c   Code   RO         5240    i.Set_Speed_High    action.o
    0x0800130c   0x0800130c   0x00000010   Code   RO         5241    i.Set_Speed_Low     action.o
    0x0800131c   0x0800131c   0x0000000c   Code   RO         5242    i.Set_Speed_Midium  action.o
    0x08001328   0x08001328   0x00000002   Code   RO         5120    i.SysTick_Handler   stm32f4xx_it.o
    0x0800132a   0x0800132a   0x00000002   PAD
    0x0800132c   0x0800132c   0x00000068   Code   RO         5181    i.SystemInit        system_stm32f4xx.o
    0x08001394   0x08001394   0x00000088   Code   RO         5657    i.USART3_IRQHandler  blueserial.o
    0x0800141c   0x0800141c   0x00000012   Code   RO         4858    i.USART_ClearFlag   stm32f4xx_usart.o
    0x0800142e   0x0800142e   0x0000001e   Code   RO         4859    i.USART_ClearITPendingBit  stm32f4xx_usart.o
    0x0800144c   0x0800144c   0x00000018   Code   RO         4862    i.USART_Cmd         stm32f4xx_usart.o
    0x08001464   0x08001464   0x000000f0   Code   RO         4864    i.USART_DeInit      stm32f4xx_usart.o
    0x08001554   0x08001554   0x0000001a   Code   RO         4865    i.USART_GetFlagStatus  stm32f4xx_usart.o
    0x0800156e   0x0800156e   0x00000054   Code   RO         4866    i.USART_GetITStatus  stm32f4xx_usart.o
    0x080015c2   0x080015c2   0x0000004a   Code   RO         4868    i.USART_ITConfig    stm32f4xx_usart.o
    0x0800160c   0x0800160c   0x000000d4   Code   RO         4869    i.USART_Init        stm32f4xx_usart.o
    0x080016e0   0x080016e0   0x0000000a   Code   RO         4876    i.USART_ReceiveData  stm32f4xx_usart.o
    0x080016ea   0x080016ea   0x00000008   Code   RO         4879    i.USART_SendData    stm32f4xx_usart.o
    0x080016f2   0x080016f2   0x00000018   Code   RO         4885    i.USART_StructInit  stm32f4xx_usart.o
    0x0800170a   0x0800170a   0x00000004   Code   RO         5121    i.UsageFault_Handler  stm32f4xx_it.o
    0x0800170e   0x0800170e   0x00000038   Code   RO         5243    i._Move_Robot       action.o
    0x08001746   0x08001746   0x00000004   Code   RO         5596    i._sys_exit         serial.o
    0x0800174a   0x0800174a   0x00000008   Code   RO         5712    i.main              main.o
    0x08001752   0x08001752   0x00000002   PAD
    0x08001754   0x08001754   0x0000002c   Code   RO         6255    locale$$code        c_w.l(lc_ctype_c.o)
    0x08001780   0x08001780   0x0000000a   Code   RO         6323    x$fpl$fpinit        fz_wm.l(fpinit.o)
    0x0800178a   0x0800178a   0x000005f0   Data   RO         5437    .constdata          oled.o
    0x08001d7a   0x08001d7a   0x00000002   PAD
    0x08001d7c   0x08001d7c   0x00000020   Data   RO         6391    Region$$Table       anon$$obj.o
    0x08001d9c   0x08001d9c   0x00000110   Data   RO         6254    locale$$data        c_w.l(lc_ctype_c.o)


    Execution Region RW_IRAM1 (Exec base: 0x20000000, Load base: 0x08001eac, Size: 0x00000860, Max: 0x00020000, ABSOLUTE)

    Exec Addr    Load Addr    Size         Type   Attr      Idx    E Section Name        Object

    0x20000000   0x08001eac   0x00000010   Data   RW         2965    .data               stm32f4xx_rcc.o
    0x20000010   0x08001ebc   0x000000a4   Data   RW         5246    .data               action.o
    0x200000b4   0x08001f60   0x00000008   Data   RW         5374    .data               delay.o
    0x200000bc   0x08001f68   0x00000003   Data   RW         5659    .data               blueserial.o
    0x200000bf   0x08001f6b   0x00000001   PAD
    0x200000c0   0x08001f6c   0x00000034   Data   RW         5746    .data               frame.o
    0x200000f4        -       0x00000024   Zero   RW         5244    .bss                action.o
    0x20000118        -       0x00000080   Zero   RW         5553    .bss                robotservocontroller.o
    0x20000198        -       0x00000064   Zero   RW         5658    .bss                blueserial.o
    0x200001fc        -       0x00000060   Zero   RW         6224    .bss                c_w.l(libspace.o)
    0x2000025c   0x08001fa0   0x00000004   PAD
    0x20000260        -       0x00000200   Zero   RW         5218    HEAP                startup_stm32f40_41xxx.o
    0x20000460        -       0x00000400   Zero   RW         5217    STACK               startup_stm32f40_41xxx.o


==============================================================================

Image component sizes


      Code (inc. data)   RO Data    RW Data    ZI Data      Debug   Object Name

      1034        178          0        164         36      12712   action.o
       324         32          0          3        100       2091   blueserial.o
       220         22          0          8          0      27931   delay.o
       168         38          0         52          0       4041   frame.o
         8          0          0          0          0        819   main.o
       120         14          0          0          0     272472   misc.o
       722         24       1520          0          0       7684   oled.o
        76          4          0          0        128       1525   robotservocontroller.o
       310         12          0          0          0       2812   serial.o
        64         26        392          0       1536        860   startup_stm32f40_41xxx.o
       244          0          0          0          0       3005   stm32f4xx_gpio.o
        26          0          0          0          0       4322   stm32f4xx_it.o
       392         48          0         16          0       5993   stm32f4xx_rcc.o
       750         42          0          0          0       8175   stm32f4xx_usart.o
       340         32          0          0          0       1569   system_stm32f4xx.o

    ----------------------------------------------------------------------
      4812        472       1946        244       1800     356011   Object Totals
         0          0         32          0          0          0   (incl. Generated)
        14          0          2          1          0          0   (incl. Padding)

    ----------------------------------------------------------------------

      Code (inc. data)   RO Data    RW Data    ZI Data      Debug   Library Member Name

         8          0          0          0          0         68   __main.o
         0          0          0          0          0          0   __rtentry.o
        12          0          0          0          0          0   __rtentry2.o
         6          0          0          0          0          0   __rtentry4.o
        52          8          0          0          0          0   __scatter.o
        26          0          0          0          0          0   __scatter_copy.o
        28          0          0          0          0          0   __scatter_zi.o
        28          0          0          0          0         68   _chval.o
       158          0          0          0          0         92   _strtoul.o
        26          0          0          0          0         80   atoi.o
        18          0          0          0          0         80   exit.o
         6          0          0          0          0        152   heapauxi.o
        44         10        272          0          0         76   lc_ctype_c.o
         2          0          0          0          0          0   libinit.o
        24          0          0          0          0          0   libinit2.o
         2          0          0          0          0          0   libshutdown.o
         2          0          0          0          0          0   libshutdown2.o
         8          4          0          0         96         68   libspace.o
        16          4          0          0          0         76   rt_ctype_table.o
         8          4          0          0          0         68   rt_errno_addr_intlibspace.o
         8          4          0          0          0         68   rt_locale_intlibspace.o
         2          0          0          0          0          0   rtexit.o
        10          0          0          0          0          0   rtexit2.o
       128          0          0          0          0         68   strcmpv7m.o
       112          0          0          0          0         88   strtol.o
        74          0          0          0          0         80   sys_stackheap_outer.o
        10          0          0          0          0        116   fpinit.o

    ----------------------------------------------------------------------
       822         34        272          0        100       1248   Library Totals
         4          0          0          0          4          0   (incl. Padding)

    ----------------------------------------------------------------------

      Code (inc. data)   RO Data    RW Data    ZI Data      Debug   Library Name

       808         34        272          0         96       1132   c_w.l
        10          0          0          0          0        116   fz_wm.l

    ----------------------------------------------------------------------
       822         34        272          0        100       1248   Library Totals

    ----------------------------------------------------------------------

==============================================================================


      Code (inc. data)   RO Data    RW Data    ZI Data      Debug   

      5634        506       2218        244       1900     349939   Grand Totals
      5634        506       2218        244       1900     349939   ELF Image Totals
      5634        506       2218        244          0          0   ROM Totals

==============================================================================

    Total RO  Size (Code + RO Data)                 7852 (   7.67kB)
    Total RW  Size (RW Data + ZI Data)              2144 (   2.09kB)
    Total ROM Size (Code + RO Data + RW Data)       8096 (   7.91kB)

==============================================================================

